Component: ARM Compiler 5.06 update 6 (build 750) Tool: armlink [4d35ed]

==============================================================================

Section Cross References

    oled.o(i.oled_clear) refers to oled.o(i.oled_write_command) for oled_write_command
    oled.o(i.oled_clear) refers to oled.o(i.oled_write_data) for oled_write_data
    oled.o(i.oled_display_off) refers to oled.o(i.oled_write_command) for oled_write_command
    oled.o(i.oled_display_on) refers to oled.o(i.oled_write_command) for oled_write_command
    oled.o(i.oled_init) refers to oled.o(i.oled_write_command) for oled_write_command
    oled.o(i.oled_init) refers to oled.o(i.oled_clear) for oled_clear
    oled.o(i.oled_init) refers to stm32g4xx_hal.o(i.HAL_Delay) for HAL_Delay
    oled.o(i.oled_set_pos) refers to oled.o(i.oled_write_command) for oled_write_command
    oled.o(i.oled_show_char) refers to oled.o(i.oled_set_pos) for oled_set_pos
    oled.o(i.oled_show_char) refers to oled.o(i.oled_write_data) for oled_write_data
    oled.o(i.oled_show_char) refers to oled.o(.constdata) for .constdata
    oled.o(i.oled_show_string) refers to oled.o(i.oled_show_char) for oled_show_char
    oled.o(i.oled_write) refers to stm32g4xx_hal_i2c.o(i.HAL_I2C_Master_Transmit) for HAL_I2C_Master_Transmit
    oled.o(i.oled_write) refers to i2c.o(.bss) for hi2c2
    oled.o(i.oled_write_command) refers to stm32g4xx_hal_i2c.o(i.HAL_I2C_Mem_Write) for HAL_I2C_Mem_Write
    oled.o(i.oled_write_command) refers to i2c.o(.bss) for hi2c2
    oled.o(i.oled_write_data) refers to stm32g4xx_hal_i2c.o(i.HAL_I2C_Mem_Write) for HAL_I2C_Mem_Write
    oled.o(i.oled_write_data) refers to i2c.o(.bss) for hi2c2
    as5600.o(i.I2C_getRawCount) refers to as5600.o(i.bsp_as5600GetRawAngle) for bsp_as5600GetRawAngle
    as5600.o(i.bsp_as5600GetRawAngle) refers to stm32g4xx_hal_i2c.o(i.HAL_I2C_Master_Transmit) for HAL_I2C_Master_Transmit
    as5600.o(i.bsp_as5600GetRawAngle) refers to stm32g4xx_hal_i2c.o(i.HAL_I2C_Master_Receive) for HAL_I2C_Master_Receive
    as5600.o(i.bsp_as5600GetRawAngle) refers to i2c.o(.bss) for hi2c3
    main.o(i.HAL_TIM_PeriodElapsedCallback) refers to stm32g4xx_hal.o(i.HAL_IncTick) for HAL_IncTick
    main.o(i.SystemClock_Config) refers to main.o(i.LL_RCC_SetAHBPrescaler) for LL_RCC_SetAHBPrescaler
    main.o(i.SystemClock_Config) refers to stm32g4xx_ll_utils.o(i.LL_SetSystemCoreClock) for LL_SetSystemCoreClock
    main.o(i.SystemClock_Config) refers to stm32g4xx_hal_timebase_tim.o(i.HAL_InitTick) for HAL_InitTick
    main.o(i.main) refers to stm32g4xx_hal.o(i.HAL_Init) for HAL_Init
    main.o(i.main) refers to main.o(i.SystemClock_Config) for SystemClock_Config
    main.o(i.main) refers to gpio.o(i.MX_GPIO_Init) for MX_GPIO_Init
    main.o(i.main) refers to dma.o(i.MX_DMA_Init) for MX_DMA_Init
    main.o(i.main) refers to adc.o(i.MX_ADC1_Init) for MX_ADC1_Init
    main.o(i.main) refers to adc.o(i.MX_ADC2_Init) for MX_ADC2_Init
    main.o(i.main) refers to tim.o(i.MX_TIM2_Init) for MX_TIM2_Init
    main.o(i.main) refers to tim.o(i.MX_TIM3_Init) for MX_TIM3_Init
    main.o(i.main) refers to i2c.o(i.MX_I2C3_Init) for MX_I2C3_Init
    main.o(i.main) refers to usart.o(i.MX_USART2_UART_Init) for MX_USART2_UART_Init
    main.o(i.main) refers to i2c.o(i.MX_I2C2_Init) for MX_I2C2_Init
    main.o(i.main) refers to usart.o(i.Debug_Init) for Debug_Init
    main.o(i.main) refers to stm32g4xx_hal_tim.o(i.HAL_TIM_PWM_Start) for HAL_TIM_PWM_Start
    main.o(i.main) refers to stm32g4xx_hal.o(i.HAL_Delay) for HAL_Delay
    main.o(i.main) refers to sensor.o(i.MagneticSensor_Init) for MagneticSensor_Init
    main.o(i.main) refers to lowpass_filter.o(i.LPF_init) for LPF_init
    main.o(i.main) refers to pid.o(i.PID_init) for PID_init
    main.o(i.main) refers to stm32g4xx_hal_gpio.o(i.HAL_GPIO_WritePin) for HAL_GPIO_WritePin
    main.o(i.main) refers to bldcmotor.o(i.Motor_init) for Motor_init
    main.o(i.main) refers to bldcmotor.o(i.Motor_initFOC) for Motor_initFOC
    main.o(i.main) refers to printfa.o(i.__0printf) for __2printf
    main.o(i.main) refers to oled.o(i.oled_init) for oled_init
    main.o(i.main) refers to bldcmotor.o(i.move) for move
    main.o(i.main) refers to bldcmotor.o(i.loopFOC) for loopFOC
    main.o(i.main) refers to tim.o(.bss) for htim2
    main.o(i.main) refers to bldcmotor.o(.data) for voltage_power_supply
    main.o(i.main) refers to focmotor.o(.data) for torque_controller
    main.o(i.main) refers to focmotor.o(.data) for controller
    main.o(i.main) refers to pid.o(.bss) for PID_velocity
    main.o(i.main) refers to lowpass_filter.o(.bss) for LPF_velocity
    main.o(i.main) refers to main.o(.data) for .data
    gpio.o(i.MX_GPIO_Init) refers to memseta.o(.text) for __aeabi_memclr4
    gpio.o(i.MX_GPIO_Init) refers to gpio.o(i.LL_AHB2_GRP1_EnableClock) for LL_AHB2_GRP1_EnableClock
    gpio.o(i.MX_GPIO_Init) refers to stm32g4xx_ll_gpio.o(i.LL_GPIO_Init) for LL_GPIO_Init
[...]
    i.LL_DMA_SetMode                         0x0800212c   Section        0  adc.o(i.LL_DMA_SetMode)
    LL_DMA_SetMode                           0x0800212d   Thumb Code    16  adc.o(i.LL_DMA_SetMode)
    i.LL_DMA_SetMode                         0x08002140   Section        0  usart.o(i.LL_DMA_SetMode)
    LL_DMA_SetMode                           0x08002141   Thumb Code    16  usart.o(i.LL_DMA_SetMode)
    i.LL_DMA_SetPeriphIncMode                0x08002154   Section        0  adc.o(i.LL_DMA_SetPeriphIncMode)
    LL_DMA_SetPeriphIncMode                  0x08002155   Thumb Code    16  adc.o(i.LL_DMA_SetPeriphIncMode)
    i.LL_DMA_SetPeriphIncMode                0x08002168   Section        0  usart.o(i.LL_DMA_SetPeriphIncMode)
    LL_DMA_SetPeriphIncMode                  0x08002169   Thumb Code    16  usart.o(i.LL_DMA_SetPeriphIncMode)
    i.LL_DMA_SetPeriphRequest                0x0800217c   Section        0  adc.o(i.LL_DMA_SetPeriphRequest)
    LL_DMA_SetPeriphRequest                  0x0800217d   Thumb Code    32  adc.o(i.LL_DMA_SetPeriphRequest)
    i.LL_DMA_SetPeriphRequest                0x080021a0   Section        0  usart.o(i.LL_DMA_SetPeriphRequest)
    LL_DMA_SetPeriphRequest                  0x080021a1   Thumb Code    32  usart.o(i.LL_DMA_SetPeriphRequest)
    i.LL_DMA_SetPeriphSize                   0x080021c4   Section        0  adc.o(i.LL_DMA_SetPeriphSize)
    LL_DMA_SetPeriphSize                     0x080021c5   Thumb Code    16  adc.o(i.LL_DMA_SetPeriphSize)
    i.LL_DMA_SetPeriphSize                   0x080021d8   Section        0  usart.o(i.LL_DMA_SetPeriphSize)
    LL_DMA_SetPeriphSize                     0x080021d9   Thumb Code    16  usart.o(i.LL_DMA_SetPeriphSize)
    i.LL_GPIO_Init                           0x080021ec   Section        0  stm32g4xx_ll_gpio.o(i.LL_GPIO_Init)
    i.LL_RCC_GetUARTClockFreq                0x08002324   Section        0  stm32g4xx_ll_rcc.o(i.LL_RCC_GetUARTClockFreq)
    i.LL_RCC_GetUSARTClockFreq               0x08002380   Section        0  stm32g4xx_ll_rcc.o(i.LL_RCC_GetUSARTClockFreq)
    i.LL_RCC_HSI_IsReady                     0x08002434   Section        0  stm32g4xx_ll_rcc.o(i.LL_RCC_HSI_IsReady)
    LL_RCC_HSI_IsReady                       0x08002435   Thumb Code    10  stm32g4xx_ll_rcc.o(i.LL_RCC_HSI_IsReady)
    i.LL_RCC_LSE_IsReady                     0x08002444   Section        0  stm32g4xx_ll_rcc.o(i.LL_RCC_LSE_IsReady)
    LL_RCC_LSE_IsReady                       0x08002445   Thumb Code    12  stm32g4xx_ll_rcc.o(i.LL_RCC_LSE_IsReady)
    i.LL_RCC_SetADCClockSource               0x08002454   Section        0  adc.o(i.LL_RCC_SetADCClockSource)
    LL_RCC_SetADCClockSource                 0x08002455   Thumb Code    28  adc.o(i.LL_RCC_SetADCClockSource)
    i.LL_RCC_SetAHBPrescaler                 0x08002474   Section        0  main.o(i.LL_RCC_SetAHBPrescaler)
    LL_RCC_SetAHBPrescaler                   0x08002475   Thumb Code    14  main.o(i.LL_RCC_SetAHBPrescaler)
    i.LL_RCC_SetI2CClockSource               0x08002488   Section        0  i2c.o(i.LL_RCC_SetI2CClockSource)
    LL_RCC_SetI2CClockSource                 0x08002489   Thumb Code    30  i2c.o(i.LL_RCC_SetI2CClockSource)
    i.LL_SetSystemCoreClock                  0x080024ac   Section        0  stm32g4xx_ll_utils.o(i.LL_SetSystemCoreClock)
    i.LL_USART_Init                          0x080024b8   Section        0  stm32g4xx_ll_usart.o(i.LL_USART_Init)
    i.LPF_init                               0x080025a0   Section        0  lowpass_filter.o(i.LPF_init)
    i.LPFoperator                            0x080025e4   Section        0  lowpass_filter.o(i.LPFoperator)
    i.MX_ADC1_Init                           0x08002664   Section        0  adc.o(i.MX_ADC1_Init)
    i.MX_ADC2_Init                           0x080027c4   Section        0  adc.o(i.MX_ADC2_Init)
    i.MX_DMA_Init                            0x0800290c   Section        0  dma.o(i.MX_DMA_Init)
    i.MX_GPIO_Init                           0x0800298c   Section        0  gpio.o(i.MX_GPIO_Init)
    i.MX_I2C2_Init                           0x080029cc   Section        0  i2c.o(i.MX_I2C2_Init)
    i.MX_I2C3_Init                           0x08002a24   Section        0  i2c.o(i.MX_I2C3_Init)
    i.MX_TIM2_Init                           0x08002a7c   Section        0  tim.o(i.MX_TIM2_Init)
    i.MX_TIM3_Init                           0x08002b18   Section        0  tim.o(i.MX_TIM3_Init)
    i.MX_USART2_UART_Init                    0x08002bc4   Section        0  usart.o(i.MX_USART2_UART_Init)
    i.MagneticSensor_Init                    0x08002db4   Section        0  sensor.o(i.MagneticSensor_Init)
    i.MemManage_Handler                      0x08002de4   Section        0  stm32g4xx_it.o(i.MemManage_Handler)
    i.Motor_init                             0x08002de8   Section        0  bldcmotor.o(i.Motor_init)
    i.Motor_initFOC                          0x08002e54   Section        0  bldcmotor.o(i.Motor_initFOC)
    i.NMI_Handler                            0x08002ecc   Section        0  stm32g4xx_it.o(i.NMI_Handler)
    i.NVIC_EncodePriority                    0x08002ece   Section        0  dma.o(i.NVIC_EncodePriority)
    NVIC_EncodePriority                      0x08002ecf   Thumb Code    50  dma.o(i.NVIC_EncodePriority)
    i.PID_init                               0x08002f00   Section        0  pid.o(i.PID_init)
    i.PIDoperator                            0x08002fb0   Section        0  pid.o(i.PIDoperator)
    i.PendSV_Handler                         0x080030d4   Section        0  stm32g4xx_it.o(i.PendSV_Handler)
    i.RCC_GetHCLKClockFreq                   0x080030d8   Section        0  stm32g4xx_ll_rcc.o(i.RCC_GetHCLKClockFreq)
    RCC_GetHCLKClockFreq                     0x080030d9   Thumb Code    22  stm32g4xx_ll_rcc.o(i.RCC_GetHCLKClockFreq)
    i.RCC_GetPCLK1ClockFreq                  0x080030f8   Section        0  stm32g4xx_ll_rcc.o(i.RCC_GetPCLK1ClockFreq)
    RCC_GetPCLK1ClockFreq                    0x080030f9   Thumb Code    24  stm32g4xx_ll_rcc.o(i.RCC_GetPCLK1ClockFreq)
    i.RCC_GetPCLK2ClockFreq                  0x08003118   Section        0  stm32g4xx_ll_rcc.o(i.RCC_GetPCLK2ClockFreq)
    RCC_GetPCLK2ClockFreq                    0x08003119   Thumb Code    24  stm32g4xx_ll_rcc.o(i.RCC_GetPCLK2ClockFreq)
    i.RCC_GetSystemClockFreq                 0x08003138   Section        0  stm32g4xx_ll_rcc.o(i.RCC_GetSystemClockFreq)
    RCC_GetSystemClockFreq                   0x08003139   Thumb Code    88  stm32g4xx_ll_rcc.o(i.RCC_GetSystemClockFreq)
    i.SVC_Handler                            0x0800319c   Section        0  stm32g4xx_it.o(i.SVC_Handler)
    i.SysTick_Handler                        0x0800319e   Section        0  stm32g4xx_it.o(i.SysTick_Handler)
    i.SystemClock_Config                     0x080031a0   Section        0  main.o(i.SystemClock_Config)
    i.SystemInit                             0x08003270   Section        0  system_stm32g4xx.o(i.SystemInit)
    i.TIM1_UP_TIM16_IRQHandler               0x08003280   Section        0  stm32g4xx_it.o(i.TIM1_UP_TIM16_IRQHandler)
    i.TIM_Base_SetConfig                     0x0800328c   Section        0  stm32g4xx_hal_tim.o(i.TIM_Base_SetConfig)
    i.TIM_CCxChannelCmd                      0x08003348   Section        0  stm32g4xx_hal_tim.o(i.TIM_CCxChannelCmd)
    i.TIM_ETR_SetConfig                      0x08003362   Section        0  stm32g4xx_hal_tim.o(i.TIM_ETR_SetConfig)
    i.TIM_ITRx_SetConfig                     0x08003378   Section        0  stm32g4xx_hal_tim.o(i.TIM_ITRx_SetConfig)
    TIM_ITRx_SetConfig                       0x08003379   Thumb Code    16  stm32g4xx_hal_tim.o(i.TIM_ITRx_SetConfig)
    i.TIM_OC1_SetConfig                      0x0800338c   Section        0  stm32g4xx_hal_tim.o(i.TIM_OC1_SetConfig)
    TIM_OC1_SetConfig                        0x0800338d   Thumb Code   132  stm32g4xx_hal_tim.o(i.TIM_OC1_SetConfig)
    i.TIM_OC2_SetConfig                      0x08003428   Section        0  stm32g4xx_hal_tim.o(i.TIM_OC2_SetConfig)
    i.TIM_OC3_SetConfig                      0x080034b8   Section        0  stm32g4xx_hal_tim.o(i.TIM_OC3_SetConfig)
    TIM_OC3_SetConfig                        0x080034b9   Thumb Code   118  stm32g4xx_hal_tim.o(i.TIM_OC3_SetConfig)
    i.TIM_OC4_SetConfig                      0x08003548   Section        0  stm32g4xx_hal_tim.o(i.TIM_OC4_SetConfig)
    TIM_OC4_SetConfig                        0x08003549   Thumb Code   120  stm32g4xx_hal_tim.o(i.TIM_OC4_SetConfig)
    i.TIM_OC5_SetConfig                      0x080035d8   Section        0  stm32g4xx_hal_tim.o(i.TIM_OC5_SetConfig)
    TIM_OC5_SetConfig                        0x080035d9   Thumb Code    86  stm32g4xx_hal_tim.o(i.TIM_OC5_SetConfig)
    i.TIM_OC6_SetConfig                      0x08003648   Section        0  stm32g4xx_hal_tim.o(i.TIM_OC6_SetConfig)
    TIM_OC6_SetConfig                        0x08003649   Thumb Code    88  stm32g4xx_hal_tim.o(i.TIM_OC6_SetConfig)
    i.TIM_TI1_ConfigInputStage               0x080036b8   Section        0  stm32g4xx_hal_tim.o(i.TIM_TI1_ConfigInputStage)
    TIM_TI1_ConfigInputStage                 0x080036b9   Thumb Code    34  stm32g4xx_hal_tim.o(i.TIM_TI1_ConfigInputStage)
    i.TIM_TI2_ConfigInputStage               0x080036da   Section        0  stm32g4xx_hal_tim.o(i.TIM_TI2_ConfigInputStage)
    TIM_TI2_ConfigInputStage                 0x080036db   Thumb Code    36  stm32g4xx_hal_tim.o(i.TIM_TI2_ConfigInputStage)
    i.USART2_IRQHandler                      0x08003700   Section        0  stm32g4xx_it.o(i.USART2_IRQHandler)
    i.UsageFault_Handler                     0x08003770   Section        0  stm32g4xx_it.o(i.UsageFault_Handler)
    i.__0printf                              0x08003774   Section        0  printfa.o(i.__0printf)
    i.__ARM_fpclassify                       0x08003794   Section        0  fpclassify.o(i.__ARM_fpclassify)
    i.__ARM_fpclassifyf                      0x080037c4   Section        0  fpclassifyf.o(i.__ARM_fpclassifyf)
    i.__NVIC_EnableIRQ                       0x080037ea   Section        0  dma.o(i.__NVIC_EnableIRQ)
    __NVIC_EnableIRQ                         0x080037eb   Thumb Code    26  dma.o(i.__NVIC_EnableIRQ)
    i.__NVIC_GetPriorityGrouping             0x08003804   Section        0  dma.o(i.__NVIC_GetPriorityGrouping)
    __NVIC_GetPriorityGrouping               0x08003805   Thumb Code    10  dma.o(i.__NVIC_GetPriorityGrouping)
    i.__NVIC_SetPriority                     0x08003814   Section        0  dma.o(i.__NVIC_SetPriority)
    __NVIC_SetPriority                       0x08003815   Thumb Code    32  dma.o(i.__NVIC_SetPriority)
    i.__NVIC_SetPriority                     0x08003834   Section        0  stm32g4xx_hal_cortex.o(i.__NVIC_SetPriority)
    __NVIC_SetPriority                       0x08003835   Thumb Code    32  stm32g4xx_hal_cortex.o(i.__NVIC_SetPriority)
    i.__hardfp_atan                          0x08003858   Section        0  atan.o(i.__hardfp_atan)
    i.__hardfp_atan2                         0x08003b30   Section        0  atan2.o(i.__hardfp_atan2)
    i.__hardfp_fmod                          0x08003d20   Section        0  fmod.o(i.__hardfp_fmod)
    i.__hardfp_sinf                          0x08003e24   Section        0  sinf.o(i.__hardfp_sinf)
    i.__hardfp_sqrtf                         0x08003fb4   Section        0  sqrtf.o(i.__hardfp_sqrtf)
    i.__kernel_poly                          0x08003fee   Section        0  poly.o(i.__kernel_poly)
    i.__mathlib_dbl_infnan                   0x080040e6   Section        0  dunder.o(i.__mathlib_dbl_infnan)
    i.__mathlib_dbl_infnan2                  0x080040fa   Section        0  dunder.o(i.__mathlib_dbl_infnan2)
    i.__mathlib_dbl_invalid                  0x08004110   Section        0  dunder.o(i.__mathlib_dbl_invalid)
    i.__mathlib_dbl_underflow                0x08004130   Section        0  dunder.o(i.__mathlib_dbl_underflow)
    i.__mathlib_flt_infnan                   0x08004150   Section        0  funder.o(i.__mathlib_flt_infnan)
    i.__mathlib_flt_invalid                  0x08004158   Section        0  funder.o(i.__mathlib_flt_invalid)
    i.__mathlib_flt_underflow                0x08004168   Section        0  funder.o(i.__mathlib_flt_underflow)
    i.__mathlib_rredf2                       0x08004178   Section        0  rredf.o(i.__mathlib_rredf2)
    i.__scatterload_copy                     0x080042cc   Section       14  handlers.o(i.__scatterload_copy)
    i.__scatterload_null                     0x080042da   Section        2  handlers.o(i.__scatterload_null)
    i.__scatterload_zeroinit                 0x080042dc   Section       14  handlers.o(i.__scatterload_zeroinit)
    i.__set_errno                            0x080042ec   Section        0  errno.o(i.__set_errno)
    i._electricalAngle                       0x080042f8   Section        0  foc_utils.o(i._electricalAngle)
    i._fp_digits                             0x08004308   Section        0  printfa.o(i._fp_digits)
    _fp_digits                               0x08004309   Thumb Code   366  printfa.o(i._fp_digits)
    i._micros                                0x0800448c   Section        0  tim.o(i._micros)
    i._normalizeAngle                        0x080044b8   Section        0  foc_utils.o(i._normalizeAngle)
    i._printf_core                           0x080044fc   Section        0  printfa.o(i._printf_core)
    _printf_core                             0x080044fd   Thumb Code  1744  printfa.o(i._printf_core)
    i._printf_post_padding                   0x08004bd8   Section        0  printfa.o(i._printf_post_padding)
    _printf_post_padding                     0x08004bd9   Thumb Code    36  printfa.o(i._printf_post_padding)
    i._printf_pre_padding                    0x08004bfc   Section        0  printfa.o(i._printf_pre_padding)
    _printf_pre_padding                      0x08004bfd   Thumb Code    46  printfa.o(i._printf_pre_padding)
    i.alignSensor                            0x08004c2c   Section        0  bldcmotor.o(i.alignSensor)
    i.angleOpenloop                          0x08004f88   Section        0  bldcmotor.o(i.angleOpenloop)
    i.atan                                   0x08005070   Section        0  atan.o(i.atan)
    i.bsp_as5600GetRawAngle                  0x08005080   Section        0  as5600.o(i.bsp_as5600GetRawAngle)
    i.electricalAngle                        0x080050bc   Section        0  focmotor.o(i.electricalAngle)
    i.fabs                                   0x080050e8   Section        0  fabs.o(i.fabs)
    i.fputc                                  0x08005100   Section        0  main.o(i.fputc)
    i.getAngle                               0x08005118   Section        0  sensor.o(i.getAngle)
    i.getRawCount                            0x080051e0   Section        0  sensor.o(i.getRawCount)
    i.getVelocity                            0x080051ec   Section        0  sensor.o(i.getVelocity)
    i.loopFOC                                0x08005254   Section        0  bldcmotor.o(i.loopFOC)
    i.main                                   0x080052dc   Section        0  main.o(i.main)
    i.move                                   0x08005420   Section        0  bldcmotor.o(i.move)
    i.oled_clear                             0x080054f8   Section        0  oled.o(i.oled_clear)
    i.oled_init                              0x0800552c   Section        0  oled.o(i.oled_init)
    i.oled_write_command                     0x080055c0   Section        0  oled.o(i.oled_write_command)
    i.oled_write_data                        0x080055e4   Section        0  oled.o(i.oled_write_data)
    i.setPhaseVoltage                        0x08005608   Section        0  bldcmotor.o(i.setPhaseVoltage)
    i.shaftAngle                             0x080057e4   Section        0  focmotor.o(i.shaftAngle)
    i.shaftVelocity                          0x0800580c   Section        0  focmotor.o(i.shaftVelocity)
    i.velocityOpenloop                       0x08005830   Section        0  bldcmotor.o(i.velocityOpenloop)
    .constdata                               0x080058c8   Section        6  adc.o(.constdata)
    CHANNEL_OFFSET_TAB                       0x080058c8   Data           6  adc.o(.constdata)
    .constdata                               0x080058ce   Section        6  usart.o(.constdata)
    CHANNEL_OFFSET_TAB                       0x080058ce   Data           6  usart.o(.constdata)
    .constdata                               0x080058d4   Section        6  stm32g4xx_it.o(.constdata)
    CHANNEL_OFFSET_TAB                       0x080058d4   Data           6  stm32g4xx_it.o(.constdata)
    .constdata                               0x080058dc   Section       48  stm32g4xx_ll_usart.o(.constdata)
    USART_PRESCALER_TAB                      0x080058dc   Data          48  stm32g4xx_ll_usart.o(.constdata)
    .constdata                               0x0800590c   Section       16  system_stm32g4xx.o(.constdata)
    .constdata                               0x0800591c   Section        8  system_stm32g4xx.o(.constdata)
    .constdata                               0x08005928   Section      152  atan.o(.constdata)
    atanhi                                   0x08005928   Data          32  atan.o(.constdata)
    atanlo                                   0x08005948   Data          32  atan.o(.constdata)
    aTodd                                    0x08005968   Data          40  atan.o(.constdata)
    aTeven                                   0x08005990   Data          48  atan.o(.constdata)
    .constdata                               0x080059c0   Section        8  qnan.o(.constdata)
    .constdata                               0x080059c8   Section       32  rredf.o(.constdata)
    twooverpi                                0x080059c8   Data          32  rredf.o(.constdata)
    .data                                    0x20000000   Section        4  main.o(.data)
    .data                                    0x20000004   Section        4  tim.o(.data)
    .data                                    0x20000008   Section       12  stm32g4xx_hal.o(.data)
    .data                                    0x20000014   Section        4  system_stm32g4xx.o(.data)
    .data                                    0x20000018   Section       32  bldcmotor.o(.data)
    .data                                    0x20000038   Section       12  focmotor.o(.data)
    .data                                    0x20000044   Section        4  focmotor.o(.data)
    .data                                    0x20000048   Section        4  focmotor.o(.data)
    .data                                    0x2000004c   Section        4  focmotor.o(.data)
    .data                                    0x20000050   Section        4  focmotor.o(.data)
    .data                                    0x20000054   Section        4  focmotor.o(.data)
    .data                                    0x20000058   Section        8  focmotor.o(.data)
    .data                                    0x20000060   Section        1  focmotor.o(.data)
    .data                                    0x20000061   Section        1  focmotor.o(.data)
    .data                                    0x20000064   Section       20  sensor.o(.data)
    .data                                    0x20000078   Section        4  stdout.o(.data)
    .data                                    0x2000007c   Section        4  errno.o(.data)
    _errno                                   0x2000007c   Data           4  errno.o(.data)
    .bss                                     0x20000080   Section      168  i2c.o(.bss)
    .bss                                     0x20000128   Section      152  tim.o(.bss)
    .bss                                     0x200001c0   Section      260  usart.o(.bss)
    .bss                                     0x200002c4   Section       76  stm32g4xx_hal_timebase_tim.o(.bss)
    .bss                                     0x20000310   Section       36  lowpass_filter.o(.bss)
    .bss                                     0x20000334   Section      144  pid.o(.bss)
    STACK                                    0x200003c8   Section     4096  startup_stm32g431xx.o(STACK)

    Global Symbols

    Symbol Name                              Value     Ov Type        Size  Object(Section)

    BuildAttributes$$THM_ISAv4$E$P$D$K$B$S$7EM$VFPi3$EXTD16$VFPS$VFMA$PE$A:L22UL41UL21$X:L11$S22US41US21$IEEE1$IW$USESV6$~STKCKD$USESV7$~SHL$OTIME$ROPI$IEEEX$EBA8$MICROLIB$REQ8$PRES8$EABIv2 0x00000000   Number         0  anon$$obj.o ABSOLUTE
    __ARM_use_no_argv                        0x00000000   Number         0  main.o ABSOLUTE
    _printf_a                                0x00000000   Number         0  stubs.o ABSOLUTE
    _printf_c                                0x00000000   Number         0  stubs.o ABSOLUTE
    _printf_charcount                        0x00000000   Number         0  stubs.o ABSOLUTE
    _printf_d                                0x00000000   Number         0  stubs.o ABSOLUTE
    _printf_e                                0x00000000   Number         0  stubs.o ABSOLUTE
    _printf_f                                0x00000000   Number         0  stubs.o ABSOLUTE
    _printf_flags                            0x00000000   Number         0  stubs.o ABSOLUTE
    _printf_fp_dec                           0x00000000   Number         0  stubs.o ABSOLUTE
    _printf_fp_hex                           0x00000000   Number         0  stubs.o ABSOLUTE
    _printf_g                                0x00000000   Number         0  stubs.o ABSOLUTE
    _printf_i                                0x00000000   Number         0  stubs.o ABSOLUTE
    _printf_int_dec                          0x00000000   Number         0  stubs.o ABSOLUTE
    _printf_l                                0x00000000   Number         0  stubs.o ABSOLUTE
    _printf_lc                               0x00000000   Number         0  stubs.o ABSOLUTE
    _printf_ll                               0x00000000   Number         0  stubs.o ABSOLUTE
    _printf_lld                              0x00000000   Number         0  stubs.o ABSOLUTE
    _printf_lli                              0x00000000   Number         0  stubs.o ABSOLUTE
    _printf_llo                              0x00000000   Number         0  stubs.o ABSOLUTE
    _printf_llu                              0x00000000   Number         0  stubs.o ABSOLUTE
    _printf_llx                              0x00000000   Number         0  stubs.o ABSOLUTE
    _printf_longlong_dec                     0x00000000   Number         0  stubs.o ABSOLUTE
    _printf_longlong_hex                     0x00000000   Number         0  stubs.o ABSOLUTE
    _printf_longlong_oct                     0x00000000   Number         0  stubs.o ABSOLUTE
    _printf_ls                               0x00000000   Number         0  stubs.o ABSOLUTE
    _printf_mbtowc                           0x00000000   Number         0  stubs.o ABSOLUTE
    _printf_n                                0x00000000   Number         0  stubs.o ABSOLUTE
    _printf_o                                0x00000000   Number         0  stubs.o ABSOLUTE
    _printf_p                                0x00000000   Number         0  stubs.o ABSOLUTE
    _printf_percent                          0x00000000   Number         0  stubs.o ABSOLUTE
    _printf_pre_padding                      0x00000000   Number         0  stubs.o ABSOLUTE
    _printf_return_value                     0x00000000   Number         0  stubs.o ABSOLUTE
    _printf_s                                0x00000000   Number         0  stubs.o ABSOLUTE
    _printf_sizespec                         0x00000000   Number         0  stubs.o ABSOLUTE
    _printf_str                              0x00000000   Number         0  stubs.o ABSOLUTE
    _printf_truncate_signed                  0x00000000   Number         0  stubs.o ABSOLUTE
    _printf_truncate_unsigned                0x00000000   Number         0  stubs.o ABSOLUTE
    _printf_u                                0x00000000   Number         0  stubs.o ABSOLUTE
    _printf_wc                               0x00000000   Number         0  stubs.o ABSOLUTE
    _printf_wctomb                           0x00000000   Number         0  stubs.o ABSOLUTE
    _printf_widthprec                        0x00000000   Number         0  stubs.o ABSOLUTE
    _printf_x                                0x00000000   Number         0  stubs.o ABSOLUTE
    __cpp_initialize__aeabi_                  - Undefined Weak Reference
    __cxa_finalize                            - Undefined Weak Reference
    __decompress                              - Undefined Weak Reference
    _clock_init                               - Undefined Weak Reference
    _microlib_exit                            - Undefined Weak Reference
    __Vectors_Size                           0x000001d8   Number         0  startup_stm32g431xx.o ABSOLUTE
    __Vectors                                0x08000000   Data           4  startup_stm32g431xx.o(RESET)
    __Vectors_End                            0x080001d8   Data           0  startup_stm32g431xx.o(RESET)
    __main                                   0x080001d9   Thumb Code     0  entry.o(.ARM.Collect$$$$00000000)
    _main_stk                                0x080001d9   Thumb Code     0  entry2.o(.ARM.Collect$$$$00000001)
    _main_scatterload                        0x080001dd   Thumb Code     0  entry5.o(.ARM.Collect$$$$00000004)
    __main_after_scatterload                 0x080001e1   Thumb Code     0  entry5.o(.ARM.Collect$$$$00000004)
    _main_clock                              0x080001e1   Thumb Code     0  entry7b.o(.ARM.Collect$$$$00000008)
    _main_cpp_init                           0x080001e1   Thumb Code     0  entry8b.o(.ARM.Collect$$$$0000000A)
    _main_init                               0x080001e1   Thumb Code     0  entry9a.o(.ARM.Collect$$$$0000000B)
    __rt_final_cpp                           0x080001e9   Thumb Code     0  entry10a.o(.ARM.Collect$$$$0000000D)
    __rt_final_exit                          0x080001e9   Thumb Code     0  entry11a.o(.ARM.Collect$$$$0000000F)
    Reset_Handler                            0x080001ed   Thumb Code     8  startup_stm32g431xx.o(.text)
    ADC1_2_IRQHandler                        0x08000207   Thumb Code     0  startup_stm32g431xx.o(.text)
    COMP1_2_3_IRQHandler                     0x08000207   Thumb Code     0  startup_stm32g431xx.o(.text)
    COMP4_IRQHandler                         0x08000207   Thumb Code     0  startup_stm32g431xx.o(.text)
    CORDIC_IRQHandler                        0x08000207   Thumb Code     0  startup_stm32g431xx.o(.text)
    CRS_IRQHandler                           0x08000207   Thumb Code     0  startup_stm32g431xx.o(.text)
    DMA1_Channel3_IRQHandler                 0x08000207   Thumb Code     0  startup_stm32g431xx.o(.text)
    DMA1_Channel4_IRQHandler                 0x08000207   Thumb Code     0  startup_stm32g431xx.o(.text)
    DMA1_Channel5_IRQHandler                 0x08000207   Thumb Code     0  startup_stm32g431xx.o(.text)
    DMA1_Channel6_IRQHandler                 0x08000207   Thumb Code     0  startup_stm32g431xx.o(.text)
    DMA2_Channel3_IRQHandler                 0x08000207   Thumb Code     0  startup_stm32g431xx.o(.text)
    DMA2_Channel4_IRQHandler                 0x08000207   Thumb Code     0  startup_stm32g431xx.o(.text)
    DMA2_Channel5_IRQHandler                 0x08000207   Thumb Code     0  startup_stm32g431xx.o(.text)
    DMA2_Channel6_IRQHandler                 0x08000207   Thumb Code     0  startup_stm32g431xx.o(.text)
    DMAMUX_OVR_IRQHandler                    0x08000207   Thumb Code     0  startup_stm32g431xx.o(.text)
    EXTI0_IRQHandler                         0x08000207   Thumb Code     0  startup_stm32g431xx.o(.text)
    EXTI15_10_IRQHandler                     0x08000207   Thumb Code     0  startup_stm32g431xx.o(.text)
    EXTI1_IRQHandler                         0x08000207   Thumb Code     0  startup_stm32g431xx.o(.text)
    EXTI2_IRQHandler                         0x08000207   Thumb Code     0  startup_stm32g431xx.o(.text)
    EXTI3_IRQHandler                         0x08000207   Thumb Code     0  startup_stm32g431xx.o(.text)
    EXTI4_IRQHandler                         0x08000207   Thumb Code     0  startup_stm32g431xx.o(.text)
    EXTI9_5_IRQHandler                       0x08000207   Thumb Code     0  startup_stm32g431xx.o(.text)
    FDCAN1_IT0_IRQHandler                    0x08000207   Thumb Code     0  startup_stm32g431xx.o(.text)
    FDCAN1_IT1_IRQHandler                    0x08000207   Thumb Code     0  startup_stm32g431xx.o(.text)
    FLASH_IRQHandler                         0x08000207   Thumb Code     0  startup_stm32g431xx.o(.text)
    FMAC_IRQHandler                          0x08000207   Thumb Code     0  startup_stm32g431xx.o(.text)
    FPU_IRQHandler                           0x08000207   Thumb Code     0  startup_stm32g431xx.o(.text)
    I2C1_ER_IRQHandler                       0x08000207   Thumb Code     0  startup_stm32g431xx.o(.text)
    I2C1_EV_IRQHandler                       0x08000207   Thumb Code     0  startup_stm32g431xx.o(.text)
    I2C2_ER_IRQHandler                       0x08000207   Thumb Code     0  startup_stm32g431xx.o(.text)
    I2C2_EV_IRQHandler                       0x08000207   Thumb Code     0  startup_stm32g431xx.o(.text)
    I2C3_ER_IRQHandler                       0x08000207   Thumb Code     0  startup_stm32g431xx.o(.text)
    I2C3_EV_IRQHandler                       0x08000207   Thumb Code     0  startup_stm32g431xx.o(.text)
    LPTIM1_IRQHandler                        0x08000207   Thumb Code     0  startup_stm32g431xx.o(.text)
    LPUART1_IRQHandler                       0x08000207   Thumb Code     0  startup_stm32g431xx.o(.text)
    PVD_PVM_IRQHandler                       0x08000207   Thumb Code     0  startup_stm32g431xx.o(.text)
    RCC_IRQHandler                           0x08000207   Thumb Code     0  startup_stm32g431xx.o(.text)
    RNG_IRQHandler                           0x08000207   Thumb Code     0  startup_stm32g431xx.o(.text)
    RTC_Alarm_IRQHandler                     0x08000207   Thumb Code     0  startup_stm32g431xx.o(.text)
    RTC_TAMP_LSECSS_IRQHandler               0x08000207   Thumb Code     0  startup_stm32g431xx.o(.text)
    RTC_WKUP_IRQHandler                      0x08000207   Thumb Code     0  startup_stm32g431xx.o(.text)
    SAI1_IRQHandler                          0x08000207   Thumb Code     0  startup_stm32g431xx.o(.text)
    SPI1_IRQHandler                          0x08000207   Thumb Code     0  startup_stm32g431xx.o(.text)
    SPI2_IRQHandler                          0x08000207   Thumb Code     0  startup_stm32g431xx.o(.text)
    SPI3_IRQHandler                          0x08000207   Thumb Code     0  startup_stm32g431xx.o(.text)
    TIM1_BRK_TIM15_IRQHandler                0x08000207   Thumb Code     0  startup_stm32g431xx.o(.text)
    TIM1_CC_IRQHandler                       0x08000207   Thumb Code     0  startup_stm32g431xx.o(.text)
    TIM1_TRG_COM_TIM17_IRQHandler            0x08000207   Thumb Code     0  startup_stm32g431xx.o(.text)
    TIM2_IRQHandler                          0x08000207   Thumb Code     0  startup_stm32g431xx.o(.text)
    TIM3_IRQHandler                          0x08000207   Thumb Code     0  startup_stm32g431xx.o(.text)
    TIM4_IRQHandler                          0x08000207   Thumb Code     0  startup_stm32g431xx.o(.text)
    TIM6_DAC_IRQHandler                      0x08000207   Thumb Code     0  startup_stm32g431xx.o(.text)
    TIM7_DAC_IRQHandler                      0x08000207   Thumb Code     0  startup_stm32g431xx.o(.text)
    TIM8_BRK_IRQHandler                      0x08000207   Thumb Code     0  startup_stm32g431xx.o(.text)
    TIM8_CC_IRQHandler                       0x08000207   Thumb Code     0  startup_stm32g431xx.o(.text)
    TIM8_TRG_COM_IRQHandler                  0x08000207   Thumb Code     0  startup_stm32g431xx.o(.text)
    TIM8_UP_IRQHandler                       0x08000207   Thumb Code     0  startup_stm32g431xx.o(.text)
    UART4_IRQHandler                         0x08000207   Thumb Code     0  startup_stm32g431xx.o(.text)
    UCPD1_IRQHandler                         0x08000207   Thumb Code     0  startup_stm32g431xx.o(.text)
    USART1_IRQHandler                        0x08000207   Thumb Code     0  startup_stm32g431xx.o(.text)
    USART3_IRQHandler                        0x08000207   Thumb Code     0  startup_stm32g431xx.o(.text)
    USBWakeUp_IRQHandler                     0x08000207   Thumb Code     0  startup_stm32g431xx.o(.text)
    USB_HP_IRQHandler                        0x08000207   Thumb Code     0  startup_stm32g431xx.o(.text)
    USB_LP_IRQHandler                        0x08000207   Thumb Code     0  startup_stm32g431xx.o(.text)
    WWDG_IRQHandler                          0x08000207   Thumb Code     0  startup_stm32g431xx.o(.text)
    __aeabi_memset                           0x08000211   Thumb Code    14  memseta.o(.text)
    __aeabi_memset4                          0x08000211   Thumb Code     0  memseta.o(.text)
    __aeabi_memset8                          0x08000211   Thumb Code     0  memseta.o(.text)
    __aeabi_memclr                           0x0800021f   Thumb Code     4  memseta.o(.text)
    __aeabi_memclr4                          0x0800021f   Thumb Code     0  memseta.o(.text)
    __aeabi_memclr8                          0x0800021f   Thumb Code     0  memseta.o(.text)
    _memset$wrapper                          0x08000223   Thumb Code    18  memseta.o(.text)
    __aeabi_dadd                             0x08000235   Thumb Code   322  dadd.o(.text)
    __aeabi_dsub                             0x08000377   Thumb Code     6  dadd.o(.text)
    __aeabi_drsub                            0x0800037d   Thumb Code     6  dadd.o(.text)
    __aeabi_f2d                              0x08000383   Thumb Code    38  f2d.o(.text)
    __aeabi_d2f                              0x080003a9   Thumb Code    56  d2f.o(.text)
    __aeabi_uidiv                            0x080003e1   Thumb Code     0  uidiv.o(.text)
    __aeabi_uidivmod                         0x080003e1   Thumb Code    44  uidiv.o(.text)
    __aeabi_uldivmod                         0x0800040d   Thumb Code    98  uldiv.o(.text)
    __aeabi_llsl                             0x0800046f   Thumb Code    30  llshl.o(.text)
    _ll_shift_l                              0x0800046f   Thumb Code     0  llshl.o(.text)
    __aeabi_lasr                             0x0800048d   Thumb Code    36  llsshr.o(.text)
    _ll_sshift_r                             0x0800048d   Thumb Code     0  llsshr.o(.text)
    __I$use$fp                               0x080004b1   Thumb Code     0  iusefp.o(.text)
    _float_round                             0x080004b1   Thumb Code    18  fepilogue.o(.text)
    _float_epilogue                          0x080004c3   Thumb Code    92  fepilogue.o(.text)
    _double_round                            0x0800051f   Thumb Code    30  depilogue.o(.text)
    _double_epilogue                         0x0800053d   Thumb Code   156  depilogue.o(.text)
    __aeabi_dmul                             0x080005d9   Thumb Code   228  dmul.o(.text)
    __aeabi_ddiv                             0x080006bd   Thumb Code   222  ddiv.o(.text)
    _drem                                    0x0800079b   Thumb Code   134  drem.o(.text)
    __aeabi_d2ulz                            0x08000821   Thumb Code    48  dfixul.o(.text)
    __aeabi_cdrcmple                         0x08000851   Thumb Code    48  cdrcmple.o(.text)
    __scatterload                            0x08000881   Thumb Code    28  init.o(.text)
    __scatterload_rt2                        0x08000881   Thumb Code     0  init.o(.text)
    __aeabi_llsr                             0x080008a5   Thumb Code    32  llushr.o(.text)
    _ll_ushift_r                             0x080008a5   Thumb Code     0  llushr.o(.text)
    BusFault_Handler                         0x080008c5   Thumb Code     2  stm32g4xx_it.o(i.BusFault_Handler)
    DMA1_Channel1_IRQHandler                 0x080008c7   Thumb Code     2  stm32g4xx_it.o(i.DMA1_Channel1_IRQHandler)
    DMA1_Channel2_IRQHandler                 0x080008c9   Thumb Code    24  stm32g4xx_it.o(i.DMA1_Channel2_IRQHandler)
    DMA2_Channel1_IRQHandler                 0x080008e5   Thumb Code     2  stm32g4xx_it.o(i.DMA2_Channel1_IRQHandler)
    DMA2_Channel2_IRQHandler                 0x080008e7   Thumb Code     2  stm32g4xx_it.o(i.DMA2_Channel2_IRQHandler)
    DebugMon_Handler                         0x080008e9   Thumb Code     2  stm32g4xx_it.o(i.DebugMon_Handler)
    Debug_Init                               0x080008ed   Thumb Code   134  usart.o(i.Debug_Init)
    Error_Handler                            0x08000985   Thumb Code     4  main.o(i.Error_Handler)
    HAL_Delay                                0x08000989   Thumb Code    32  stm32g4xx_hal.o(i.HAL_Delay)
    HAL_GPIO_Init                            0x080009ad   Thumb Code   550  stm32g4xx_hal_gpio.o(i.HAL_GPIO_Init)
    HAL_GPIO_WritePin                        0x08000bf5   Thumb Code    10  stm32g4xx_hal_gpio.o(i.HAL_GPIO_WritePin)
    HAL_GetTick                              0x08000c01   Thumb Code     6  stm32g4xx_hal.o(i.HAL_GetTick)
    HAL_I2CEx_ConfigAnalogFilter             0x08000c0d   Thumb Code    86  stm32g4xx_hal_i2c_ex.o(i.HAL_I2CEx_ConfigAnalogFilter)
    HAL_I2CEx_ConfigDigitalFilter            0x08000c63   Thumb Code    82  stm32g4xx_hal_i2c_ex.o(i.HAL_I2CEx_ConfigDigitalFilter)
    HAL_I2C_Init                             0x08000cb5   Thumb Code   184  stm32g4xx_hal_i2c.o(i.HAL_I2C_Init)
    HAL_I2C_Master_Receive                   0x08000d71   Thumb Code   282  stm32g4xx_hal_i2c.o(i.HAL_I2C_Master_Receive)
    HAL_I2C_Master_Transmit                  0x08000e95   Thumb Code   324  stm32g4xx_hal_i2c.o(i.HAL_I2C_Master_Transmit)
    HAL_I2C_Mem_Write                        0x08000fe1   Thumb Code   340  stm32g4xx_hal_i2c.o(i.HAL_I2C_Mem_Write)
    HAL_I2C_MspInit                          0x08001139   Thumb Code   162  i2c.o(i.HAL_I2C_MspInit)
    HAL_IncTick                              0x080011ed   Thumb Code    12  stm32g4xx_hal.o(i.HAL_IncTick)
    HAL_Init                                 0x080011fd   Thumb Code    30  stm32g4xx_hal.o(i.HAL_Init)
    HAL_InitTick                             0x0800121d   Thumb Code   116  stm32g4xx_hal_timebase_tim.o(i.HAL_InitTick)
    HAL_MspInit                              0x080012a5   Thumb Code    42  stm32g4xx_hal_msp.o(i.HAL_MspInit)
    HAL_NVIC_EnableIRQ                       0x080012d5   Thumb Code    26  stm32g4xx_hal_cortex.o(i.HAL_NVIC_EnableIRQ)
    HAL_NVIC_SetPriority                     0x080012f1   Thumb Code    60  stm32g4xx_hal_cortex.o(i.HAL_NVIC_SetPriority)
    HAL_NVIC_SetPriorityGrouping             0x08001331   Thumb Code    26  stm32g4xx_hal_cortex.o(i.HAL_NVIC_SetPriorityGrouping)
    HAL_PWREx_DisableUCPDDeadBattery         0x08001355   Thumb Code    12  stm32g4xx_hal_pwr_ex.o(i.HAL_PWREx_DisableUCPDDeadBattery)
    HAL_RCC_GetClockConfig                   0x08001365   Thumb Code    54  stm32g4xx_hal_rcc.o(i.HAL_RCC_GetClockConfig)
    HAL_RCC_GetPCLK2Freq                     0x080013a5   Thumb Code    24  stm32g4xx_hal_rcc.o(i.HAL_RCC_GetPCLK2Freq)
    HAL_TIMEx_Break2Callback                 0x080013c9   Thumb Code     2  stm32g4xx_hal_tim_ex.o(i.HAL_TIMEx_Break2Callback)
    HAL_TIMEx_BreakCallback                  0x080013cb   Thumb Code     2  stm32g4xx_hal_tim_ex.o(i.HAL_TIMEx_BreakCallback)
    HAL_TIMEx_CommutCallback                 0x080013cd   Thumb Code     2  stm32g4xx_hal_tim_ex.o(i.HAL_TIMEx_CommutCallback)
    HAL_TIMEx_DirectionChangeCallback        0x080013cf   Thumb Code     2  stm32g4xx_hal_tim_ex.o(i.HAL_TIMEx_DirectionChangeCallback)
    HAL_TIMEx_EncoderIndexCallback           0x080013d1   Thumb Code     2  stm32g4xx_hal_tim_ex.o(i.HAL_TIMEx_EncoderIndexCallback)
    HAL_TIMEx_IndexErrorCallback             0x080013d3   Thumb Code     2  stm32g4xx_hal_tim_ex.o(i.HAL_TIMEx_IndexErrorCallback)
    HAL_TIMEx_MasterConfigSynchronization    0x080013d5   Thumb Code   132  stm32g4xx_hal_tim_ex.o(i.HAL_TIMEx_MasterConfigSynchronization)
    HAL_TIMEx_TransitionErrorCallback        0x08001471   Thumb Code     2  stm32g4xx_hal_tim_ex.o(i.HAL_TIMEx_TransitionErrorCallback)
    HAL_TIM_Base_Init                        0x08001473   Thumb Code    98  stm32g4xx_hal_tim.o(i.HAL_TIM_Base_Init)
    HAL_TIM_Base_MspInit                     0x080014d5   Thumb Code    52  tim.o(i.HAL_TIM_Base_MspInit)
    HAL_TIM_Base_Start_IT                    0x08001511   Thumb Code    94  stm32g4xx_hal_tim.o(i.HAL_TIM_Base_Start_IT)
    HAL_TIM_ConfigClockSource                0x08001589   Thumb Code   246  stm32g4xx_hal_tim.o(i.HAL_TIM_ConfigClockSource)
    HAL_TIM_IC_CaptureCallback               0x08001689   Thumb Code     2  stm32g4xx_hal_tim.o(i.HAL_TIM_IC_CaptureCallback)
    HAL_TIM_IRQHandler                       0x0800168b   Thumb Code   418  stm32g4xx_hal_tim.o(i.HAL_TIM_IRQHandler)
    HAL_TIM_MspPostInit                      0x0800182d   Thumb Code   108  tim.o(i.HAL_TIM_MspPostInit)
    HAL_TIM_OC_DelayElapsedCallback          0x080018a1   Thumb Code     2  stm32g4xx_hal_tim.o(i.HAL_TIM_OC_DelayElapsedCallback)
    HAL_TIM_PWM_ConfigChannel                0x080018a3   Thumb Code   292  stm32g4xx_hal_tim.o(i.HAL_TIM_PWM_ConfigChannel)
    HAL_TIM_PWM_Init                         0x080019c7   Thumb Code    98  stm32g4xx_hal_tim.o(i.HAL_TIM_PWM_Init)
    HAL_TIM_PWM_MspInit                      0x08001a29   Thumb Code     2  stm32g4xx_hal_tim.o(i.HAL_TIM_PWM_MspInit)
    HAL_TIM_PWM_PulseFinishedCallback        0x08001a2b   Thumb Code     2  stm32g4xx_hal_tim.o(i.HAL_TIM_PWM_PulseFinishedCallback)
    HAL_TIM_PWM_Start                        0x08001a2d   Thumb Code   218  stm32g4xx_hal_tim.o(i.HAL_TIM_PWM_Start)
    HAL_TIM_PeriodElapsedCallback            0x08001b29   Thumb Code    14  main.o(i.HAL_TIM_PeriodElapsedCallback)
    HAL_TIM_TriggerCallback                  0x08001b3d   Thumb Code     2  stm32g4xx_hal_tim.o(i.HAL_TIM_TriggerCallback)
    HardFault_Handler                        0x08001b3f   Thumb Code     2  stm32g4xx_it.o(i.HardFault_Handler)
    LL_ADC_CommonInit                        0x08001ed9   Thumb Code    72  stm32g4xx_ll_adc.o(i.LL_ADC_CommonInit)
    LL_ADC_Init                              0x08001f29   Thumb Code    42  stm32g4xx_ll_adc.o(i.LL_ADC_Init)
    LL_ADC_REG_Init                          0x08001f55   Thumb Code    78  stm32g4xx_ll_adc.o(i.LL_ADC_REG_Init)
    LL_GPIO_Init                             0x080021ed   Thumb Code   310  stm32g4xx_ll_gpio.o(i.LL_GPIO_Init)
    LL_RCC_GetUARTClockFreq                  0x08002325   Thumb Code    84  stm32g4xx_ll_rcc.o(i.LL_RCC_GetUARTClockFreq)
    LL_RCC_GetUSARTClockFreq                 0x08002381   Thumb Code   172  stm32g4xx_ll_rcc.o(i.LL_RCC_GetUSARTClockFreq)
    LL_SetSystemCoreClock                    0x080024ad   Thumb Code     6  stm32g4xx_ll_utils.o(i.LL_SetSystemCoreClock)
    LL_USART_Init                            0x080024b9   Thumb Code   206  stm32g4xx_ll_usart.o(i.LL_USART_Init)
    LPF_init                                 0x080025a1   Thumb Code    56  lowpass_filter.o(i.LPF_init)
    LPFoperator                              0x080025e5   Thumb Code   116  lowpass_filter.o(i.LPFoperator)
    MX_ADC1_Init                             0x08002665   Thumb Code   318  adc.o(i.MX_ADC1_Init)
    MX_ADC2_Init                             0x080027c5   Thumb Code   294  adc.o(i.MX_ADC2_Init)
    MX_DMA_Init                              0x0800290d   Thumb Code   128  dma.o(i.MX_DMA_Init)
    MX_GPIO_Init                             0x0800298d   Thumb Code    62  gpio.o(i.MX_GPIO_Init)
    MX_I2C2_Init                             0x080029cd   Thumb Code    76  i2c.o(i.MX_I2C2_Init)
    MX_I2C3_Init                             0x08002a25   Thumb Code    76  i2c.o(i.MX_I2C3_Init)
    MX_TIM2_Init                             0x08002a7d   Thumb Code   150  tim.o(i.MX_TIM2_Init)
    MX_TIM3_Init                             0x08002b19   Thumb Code   164  tim.o(i.MX_TIM3_Init)
    MX_USART2_UART_Init                      0x08002bc5   Thumb Code   472  usart.o(i.MX_USART2_UART_Init)
    MagneticSensor_Init                      0x08002db5   Thumb Code    40  sensor.o(i.MagneticSensor_Init)
    MemManage_Handler                        0x08002de5   Thumb Code     2  stm32g4xx_it.o(i.MemManage_Handler)
    Motor_init                               0x08002de9   Thumb Code    72  bldcmotor.o(i.Motor_init)
    Motor_initFOC                            0x08002e55   Thumb Code    92  bldcmotor.o(i.Motor_initFOC)
    NMI_Handler                              0x08002ecd   Thumb Code     2  stm32g4xx_it.o(i.NMI_Handler)
    PID_init                                 0x08002f01   Thumb Code   168  pid.o(i.PID_init)
    PIDoperator                              0x08002fb1   Thumb Code   284  pid.o(i.PIDoperator)
    PendSV_Handler                           0x080030d5   Thumb Code     2  stm32g4xx_it.o(i.PendSV_Handler)
    SVC_Handler                              0x0800319d   Thumb Code     2  stm32g4xx_it.o(i.SVC_Handler)
    SysTick_Handler                          0x0800319f   Thumb Code     2  stm32g4xx_it.o(i.SysTick_Handler)
    SystemClock_Config                       0x080031a1   Thumb Code   186  main.o(i.SystemClock_Config)
    SystemInit                               0x08003271   Thumb Code    12  system_stm32g4xx.o(i.SystemInit)
    TIM1_UP_TIM16_IRQHandler                 0x08003281   Thumb Code     6  stm32g4xx_it.o(i.TIM1_UP_TIM16_IRQHandler)
    TIM_Base_SetConfig                       0x0800328d   Thumb Code   160  stm32g4xx_hal_tim.o(i.TIM_Base_SetConfig)
    TIM_CCxChannelCmd                        0x08003349   Thumb Code    26  stm32g4xx_hal_tim.o(i.TIM_CCxChannelCmd)
    TIM_ETR_SetConfig                        0x08003363   Thumb Code    20  stm32g4xx_hal_tim.o(i.TIM_ETR_SetConfig)
    TIM_OC2_SetConfig                        0x08003429   Thumb Code   120  stm32g4xx_hal_tim.o(i.TIM_OC2_SetConfig)
    USART2_IRQHandler                        0x08003701   Thumb Code    94  stm32g4xx_it.o(i.USART2_IRQHandler)
    UsageFault_Handler                       0x08003771   Thumb Code     2  stm32g4xx_it.o(i.UsageFault_Handler)
    __0printf                                0x08003775   Thumb Code    22  printfa.o(i.__0printf)
    __1printf                                0x08003775   Thumb Code     0  printfa.o(i.__0printf)
    __2printf                                0x08003775   Thumb Code     0  printfa.o(i.__0printf)
    __c89printf                              0x08003775   Thumb Code     0  printfa.o(i.__0printf)
    printf                                   0x08003775   Thumb Code     0  printfa.o(i.__0printf)
    __ARM_fpclassify                         0x08003795   Thumb Code    48  fpclassify.o(i.__ARM_fpclassify)
    __ARM_fpclassifyf                        0x080037c5   Thumb Code    38  fpclassifyf.o(i.__ARM_fpclassifyf)
    __hardfp_atan                            0x08003859   Thumb Code   622  atan.o(i.__hardfp_atan)
    __hardfp_atan2                           0x08003b31   Thumb Code   432  atan2.o(i.__hardfp_atan2)
    __hardfp_fmod                            0x08003d21   Thumb Code   254  fmod.o(i.__hardfp_fmod)
    __hardfp_sinf                            0x08003e25   Thumb Code   344  sinf.o(i.__hardfp_sinf)
    __hardfp_sqrtf                           0x08003fb5   Thumb Code    58  sqrtf.o(i.__hardfp_sqrtf)
    __kernel_poly                            0x08003fef   Thumb Code   248  poly.o(i.__kernel_poly)
    __mathlib_dbl_infnan                     0x080040e7   Thumb Code    20  dunder.o(i.__mathlib_dbl_infnan)
    __mathlib_dbl_infnan2                    0x080040fb   Thumb Code    20  dunder.o(i.__mathlib_dbl_infnan2)
    __mathlib_dbl_invalid                    0x08004111   Thumb Code    24  dunder.o(i.__mathlib_dbl_invalid)
    __mathlib_dbl_underflow                  0x08004131   Thumb Code    24  dunder.o(i.__mathlib_dbl_underflow)
    __mathlib_flt_infnan                     0x08004151   Thumb Code     6  funder.o(i.__mathlib_flt_infnan)
    __mathlib_flt_invalid                    0x08004159   Thumb Code    10  funder.o(i.__mathlib_flt_invalid)
    __mathlib_flt_underflow                  0x08004169   Thumb Code    10  funder.o(i.__mathlib_flt_underflow)
    __mathlib_rredf2                         0x08004179   Thumb Code   316  rredf.o(i.__mathlib_rredf2)
    __scatterload_copy                       0x080042cd   Thumb Code    14  handlers.o(i.__scatterload_copy)
    __scatterload_null                       0x080042db   Thumb Code     2  handlers.o(i.__scatterload_null)
    __scatterload_zeroinit                   0x080042dd   Thumb Code    14  handlers.o(i.__scatterload_zeroinit)
    __set_errno                              0x080042ed   Thumb Code     6  errno.o(i.__set_errno)
    _electricalAngle                         0x080042f9   Thumb Code    14  foc_utils.o(i._electricalAngle)
    _micros                                  0x0800448d   Thumb Code    34  tim.o(i._micros)
    _normalizeAngle                          0x080044b9   Thumb Code    54  foc_utils.o(i._normalizeAngle)
    alignSensor                              0x08004c2d   Thumb Code   524  bldcmotor.o(i.alignSensor)
    angleOpenloop                            0x08004f89   Thumb Code   206  bldcmotor.o(i.angleOpenloop)
    atan                                     0x08005071   Thumb Code    16  atan.o(i.atan)
    bsp_as5600GetRawAngle                    0x08005081   Thumb Code    54  as5600.o(i.bsp_as5600GetRawAngle)
    electricalAngle                          0x080050bd   Thumb Code    36  focmotor.o(i.electricalAngle)
    fabs                                     0x080050e9   Thumb Code    24  fabs.o(i.fabs)
    fputc                                    0x08005101   Thumb Code    18  main.o(i.fputc)
    getAngle                                 0x08005119   Thumb Code   168  sensor.o(i.getAngle)
    getRawCount                              0x080051e1   Thumb Code    12  sensor.o(i.getRawCount)
    getVelocity                              0x080051ed   Thumb Code    90  sensor.o(i.getVelocity)
    loopFOC                                  0x08005255   Thumb Code    78  bldcmotor.o(i.loopFOC)
    main                                     0x080052dd   Thumb Code   242  main.o(i.main)
    move                                     0x08005421   Thumb Code   172  bldcmotor.o(i.move)
    oled_clear                               0x080054f9   Thumb Code    52  oled.o(i.oled_clear)
    oled_init                                0x0800552d   Thumb Code   148  oled.o(i.oled_init)
    oled_write_command                       0x080055c1   Thumb Code    32  oled.o(i.oled_write_command)
    oled_write_data                          0x080055e5   Thumb Code    32  oled.o(i.oled_write_data)
    setPhaseVoltage                          0x08005609   Thumb Code   444  bldcmotor.o(i.setPhaseVoltage)
    shaftAngle                               0x080057e5   Thumb Code    32  focmotor.o(i.shaftAngle)
    shaftVelocity                            0x0800580d   Thumb Code    28  focmotor.o(i.shaftVelocity)
    velocityOpenloop                         0x08005831   Thumb Code   126  bldcmotor.o(i.velocityOpenloop)
    AHBPrescTable                            0x0800590c   Data          16  system_stm32g4xx.o(.constdata)
    APBPrescTable                            0x0800591c   Data           8  system_stm32g4xx.o(.constdata)
    __mathlib_zero                           0x080059c0   Data           8  qnan.o(.constdata)
    Region$$Table$$Base                      0x080059e8   Number         0  anon$$obj.o(Region$$Table)
    Region$$Table$$Limit                     0x08005a08   Number         0  anon$$obj.o(Region$$Table)
    target                                   0x20000000   Data           4  main.o(.data)
    sysTickUptime                            0x20000004   Data           4  tim.o(.data)
    uwTickPrio                               0x20000008   Data           4  stm32g4xx_hal.o(.data)
    uwTickFreq                               0x2000000c   Data           4  stm32g4xx_hal.o(.data)
    uwTick                                   0x20000010   Data           4  stm32g4xx_hal.o(.data)
    SystemCoreClock                          0x20000014   Data           4  system_stm32g4xx.o(.data)
    sensor_direction                         0x20000018   Data           4  bldcmotor.o(.data)
    voltage_power_supply                     0x2000001c   Data           4  bldcmotor.o(.data)
    voltage_limit                            0x20000020   Data           4  bldcmotor.o(.data)
    voltage_sensor_align                     0x20000024   Data           4  bldcmotor.o(.data)
    pole_pairs                               0x20000028   Data           4  bldcmotor.o(.data)
    open_loop_timestamp                      0x2000002c   Data           4  bldcmotor.o(.data)
    velocity_limit                           0x20000030   Data           4  bldcmotor.o(.data)
    current_limit                            0x20000034   Data           4  bldcmotor.o(.data)
    sensor_offset                            0x20000038   Data           4  focmotor.o(.data)
    shaft_angle                              0x2000003c   Data           4  focmotor.o(.data)
    zero_electric_angle                      0x20000040   Data           4  focmotor.o(.data)
    electrical_angle                         0x20000044   Data           4  focmotor.o(.data)
    shaft_velocity                           0x20000048   Data           4  focmotor.o(.data)
    current_sp                               0x2000004c   Data           4  focmotor.o(.data)
    shaft_velocity_sp                        0x20000050   Data           4  focmotor.o(.data)
    shaft_angle_sp                           0x20000054   Data           4  focmotor.o(.data)
    voltage                                  0x20000058   Data           8  focmotor.o(.data)
    torque_controller                        0x20000060   Data           1  focmotor.o(.data)
    controller                               0x20000061   Data           1  focmotor.o(.data)
    cpr                                      0x20000064   Data           4  sensor.o(.data)
    velocity_calc_timestamp                  0x20000068   Data           4  sensor.o(.data)
    angle_data_prev                          0x2000006c   Data           4  sensor.o(.data)
    angle_prev                               0x20000070   Data           4  sensor.o(.data)
    full_rotation_offset                     0x20000074   Data           4  sensor.o(.data)
    __stdout                                 0x20000078   Data           4  stdout.o(.data)
    hi2c2                                    0x20000080   Data          84  i2c.o(.bss)
    hi2c3                                    0x200000d4   Data          84  i2c.o(.bss)
    htim2                                    0x20000128   Data          76  tim.o(.bss)
    htim3                                    0x20000174   Data          76  tim.o(.bss)
    uart_data                                0x200001c0   Data         260  usart.o(.bss)
    htim1                                    0x200002c4   Data          76  stm32g4xx_hal_timebase_tim.o(.bss)
    LPF_current_q                            0x20000310   Data          12  lowpass_filter.o(.bss)
    LPF_current_d                            0x2000031c   Data          12  lowpass_filter.o(.bss)
    LPF_velocity                             0x20000328   Data          12  lowpass_filter.o(.bss)
    PID_current_q                            0x20000334   Data          36  pid.o(.bss)
    PID_current_d                            0x20000358   Data          36  pid.o(.bss)
    PID_velocity                             0x2000037c   Data          36  pid.o(.bss)
    P_angle                                  0x200003a0   Data          36  pid.o(.bss)
    __initial_sp                             0x200013c8   Data           0  startup_stm32g431xx.o(STACK)



==============================================================================

Memory Map of the image

  Image Entry point : 0x080001d9

  Load Region LR_IROM1 (Base: 0x08000000, Size: 0x00005a88, Max: 0x00020000, ABSOLUTE)

    Execution Region ER_IROM1 (Exec base: 0x08000000, Load base: 0x08000000, Size: 0x00005a08, Max: 0x00020000, ABSOLUTE)

    Exec Addr    Load Addr    Size         Type   Attr      Idx    E Section Name        Object

    0x08000000   0x08000000   0x000001d8   Data   RO         4691    RESET               startup_stm32g431xx.o
    0x080001d8   0x080001d8   0x00000000   Code   RO         5047  * .ARM.Collect$$$$00000000  mc_w.l(entry.o)
    0x080001d8   0x080001d8   0x00000004   Code   RO         5373    .ARM.Collect$$$$00000001  mc_w.l(entry2.o)
    0x080001dc   0x080001dc   0x00000004   Code   RO         5376    .ARM.Collect$$$$00000004  mc_w.l(entry5.o)
    0x080001e0   0x080001e0   0x00000000   Code   RO         5378    .ARM.Collect$$$$00000008  mc_w.l(entry7b.o)
    0x080001e0   0x080001e0   0x00000000   Code   RO         5380    .ARM.Collect$$$$0000000A  mc_w.l(entry8b.o)
    0x080001e0   0x080001e0   0x00000008   Code   RO         5381    .ARM.Collect$$$$0000000B  mc_w.l(entry9a.o)
    0x080001e8   0x080001e8   0x00000000   Code   RO         5383    .ARM.Collect$$$$0000000D  mc_w.l(entry10a.o)
    0x080001e8   0x080001e8   0x00000000   Code   RO         5385    .ARM.Collect$$$$0000000F  mc_w.l(entry11a.o)
    0x080001e8   0x080001e8   0x00000004   Code   RO         5374    .ARM.Collect$$$$00002712  mc_w.l(entry2.o)
    0x080001ec   0x080001ec   0x00000024   Code   RO         4692    .text               startup_stm32g431xx.o
    0x08000210   0x08000210   0x00000024   Code   RO         5050    .text               mc_w.l(memseta.o)
    0x08000234   0x08000234   0x0000014e   Code   RO         5313    .text               mf_w.l(dadd.o)
    0x08000382   0x08000382   0x00000026   Code   RO         5315    .text               mf_w.l(f2d.o)
    0x080003a8   0x080003a8   0x00000038   Code   RO         5317    .text               mf_w.l(d2f.o)
    0x080003e0   0x080003e0   0x0000002c   Code   RO         5388    .text               mc_w.l(uidiv.o)
    0x0800040c   0x0800040c   0x00000062   Code   RO         5390    .text               mc_w.l(uldiv.o)
    0x0800046e   0x0800046e   0x0000001e   Code   RO         5392    .text               mc_w.l(llshl.o)
    0x0800048c   0x0800048c   0x00000024   Code   RO         5394    .text               mc_w.l(llsshr.o)
    0x080004b0   0x080004b0   0x00000000   Code   RO         5403    .text               mc_w.l(iusefp.o)
    0x080004b0   0x080004b0   0x0000006e   Code   RO         5404    .text               mf_w.l(fepilogue.o)
    0x0800051e   0x0800051e   0x000000ba   Code   RO         5406    .text               mf_w.l(depilogue.o)
    0x080005d8   0x080005d8   0x000000e4   Code   RO         5408    .text               mf_w.l(dmul.o)
    0x080006bc   0x080006bc   0x000000de   Code   RO         5410    .text               mf_w.l(ddiv.o)
    0x0800079a   0x0800079a   0x00000086   Code   RO         5414    .text               mf_w.l(drem.o)
    0x08000820   0x08000820   0x00000030   Code   RO         5416    .text               mf_w.l(dfixul.o)
    0x08000850   0x08000850   0x00000030   Code   RO         5418    .text               mf_w.l(cdrcmple.o)
    0x08000880   0x08000880   0x00000024   Code   RO         5424    .text               mc_w.l(init.o)
    0x080008a4   0x080008a4   0x00000020   Code   RO         5426    .text               mc_w.l(llushr.o)
    0x080008c4   0x080008c4   0x00000002   Code   RO          826    i.BusFault_Handler  stm32g4xx_it.o
    0x080008c6   0x080008c6   0x00000002   Code   RO          827    i.DMA1_Channel1_IRQHandler  stm32g4xx_it.o
    0x080008c8   0x080008c8   0x0000001c   Code   RO          828    i.DMA1_Channel2_IRQHandler  stm32g4xx_it.o
    0x080008e4   0x080008e4   0x00000002   Code   RO          829    i.DMA2_Channel1_IRQHandler  stm32g4xx_it.o
    0x080008e6   0x080008e6   0x00000002   Code   RO          830    i.DMA2_Channel2_IRQHandler  stm32g4xx_it.o
    0x080008e8   0x080008e8   0x00000002   Code   RO          831    i.DebugMon_Handler  stm32g4xx_it.o
    0x080008ea   0x080008ea   0x00000002   PAD
    0x080008ec   0x080008ec   0x00000098   Code   RO          733    i.Debug_Init        usart.o
    0x08000984   0x08000984   0x00000004   Code   RO          326    i.Error_Handler     main.o
    0x08000988   0x08000988   0x00000024   Code   RO         1330    i.HAL_Delay         stm32g4xx_hal.o
    0x080009ac   0x080009ac   0x00000248   Code   RO         2039    i.HAL_GPIO_Init     stm32g4xx_hal_gpio.o
    0x08000bf4   0x08000bf4   0x0000000a   Code   RO         2043    i.HAL_GPIO_WritePin  stm32g4xx_hal_gpio.o
    0x08000bfe   0x08000bfe   0x00000002   PAD
    0x08000c00   0x08000c00   0x0000000c   Code   RO         1334    i.HAL_GetTick       stm32g4xx_hal.o
    0x08000c0c   0x08000c0c   0x00000056   Code   RO         3288    i.HAL_I2CEx_ConfigAnalogFilter  stm32g4xx_hal_i2c_ex.o
    0x08000c62   0x08000c62   0x00000052   Code   RO         3289    i.HAL_I2CEx_ConfigDigitalFilter  stm32g4xx_hal_i2c_ex.o
    0x08000cb4   0x08000cb4   0x000000bc   Code   RO         2827    i.HAL_I2C_Init      stm32g4xx_hal_i2c.o
    0x08000d70   0x08000d70   0x00000124   Code   RO         2833    i.HAL_I2C_Master_Receive  stm32g4xx_hal_i2c.o
    0x08000e94   0x08000e94   0x0000014c   Code   RO         2840    i.HAL_I2C_Master_Transmit  stm32g4xx_hal_i2c.o
    0x08000fe0   0x08000fe0   0x00000158   Code   RO         2848    i.HAL_I2C_Mem_Write  stm32g4xx_hal_i2c.o
    0x08001138   0x08001138   0x000000b4   Code   RO          617    i.HAL_I2C_MspInit   i2c.o
    0x080011ec   0x080011ec   0x00000010   Code   RO         1340    i.HAL_IncTick       stm32g4xx_hal.o
    0x080011fc   0x080011fc   0x0000001e   Code   RO         1341    i.HAL_Init          stm32g4xx_hal.o
    0x0800121a   0x0800121a   0x00000002   PAD
    0x0800121c   0x0800121c   0x00000088   Code   RO          975    i.HAL_InitTick      stm32g4xx_hal_timebase_tim.o
    0x080012a4   0x080012a4   0x00000030   Code   RO          951    i.HAL_MspInit       stm32g4xx_hal_msp.o
    0x080012d4   0x080012d4   0x0000001a   Code   RO         2686    i.HAL_NVIC_EnableIRQ  stm32g4xx_hal_cortex.o
    0x080012ee   0x080012ee   0x00000002   PAD
    0x080012f0   0x080012f0   0x00000040   Code   RO         2692    i.HAL_NVIC_SetPriority  stm32g4xx_hal_cortex.o
    0x08001330   0x08001330   0x00000024   Code   RO         2693    i.HAL_NVIC_SetPriorityGrouping  stm32g4xx_hal_cortex.o
    0x08001354   0x08001354   0x00000010   Code   RO         2454    i.HAL_PWREx_DisableUCPDDeadBattery  stm32g4xx_hal_pwr_ex.o
    0x08001364   0x08001364   0x00000040   Code   RO         1581    i.HAL_RCC_GetClockConfig  stm32g4xx_hal_rcc.o
    0x080013a4   0x080013a4   0x00000024   Code   RO         1585    i.HAL_RCC_GetPCLK2Freq  stm32g4xx_hal_rcc.o
    0x080013c8   0x080013c8   0x00000002   Code   RO         4058    i.HAL_TIMEx_Break2Callback  stm32g4xx_hal_tim_ex.o
    0x080013ca   0x080013ca   0x00000002   Code   RO         4059    i.HAL_TIMEx_BreakCallback  stm32g4xx_hal_tim_ex.o
    0x080013cc   0x080013cc   0x00000002   Code   RO         4060    i.HAL_TIMEx_CommutCallback  stm32g4xx_hal_tim_ex.o
    0x080013ce   0x080013ce   0x00000002   Code   RO         4071    i.HAL_TIMEx_DirectionChangeCallback  stm32g4xx_hal_tim_ex.o
    0x080013d0   0x080013d0   0x00000002   Code   RO         4085    i.HAL_TIMEx_EncoderIndexCallback  stm32g4xx_hal_tim_ex.o
    0x080013d2   0x080013d2   0x00000002   Code   RO         4099    i.HAL_TIMEx_IndexErrorCallback  stm32g4xx_hal_tim_ex.o
    0x080013d4   0x080013d4   0x0000009c   Code   RO         4100    i.HAL_TIMEx_MasterConfigSynchronization  stm32g4xx_hal_tim_ex.o
    0x08001470   0x08001470   0x00000002   Code   RO         4121    i.HAL_TIMEx_TransitionErrorCallback  stm32g4xx_hal_tim_ex.o
    0x08001472   0x08001472   0x00000062   Code   RO         3344    i.HAL_TIM_Base_Init  stm32g4xx_hal_tim.o
    0x080014d4   0x080014d4   0x0000003c   Code   RO          673    i.HAL_TIM_Base_MspInit  tim.o
    0x08001510   0x08001510   0x00000078   Code   RO         3349    i.HAL_TIM_Base_Start_IT  stm32g4xx_hal_tim.o
    0x08001588   0x08001588   0x00000100   Code   RO         3353    i.HAL_TIM_ConfigClockSource  stm32g4xx_hal_tim.o
    0x08001688   0x08001688   0x00000002   Code   RO         3378    i.HAL_TIM_IC_CaptureCallback  stm32g4xx_hal_tim.o
    0x0800168a   0x0800168a   0x000001a2   Code   RO         3392    i.HAL_TIM_IRQHandler  stm32g4xx_hal_tim.o
    0x0800182c   0x0800182c   0x00000074   Code   RO          674    i.HAL_TIM_MspPostInit  tim.o
    0x080018a0   0x080018a0   0x00000002   Code   RO         3395    i.HAL_TIM_OC_DelayElapsedCallback  stm32g4xx_hal_tim.o
    0x080018a2   0x080018a2   0x00000124   Code   RO         3416    i.HAL_TIM_PWM_ConfigChannel  stm32g4xx_hal_tim.o
    0x080019c6   0x080019c6   0x00000062   Code   RO         3419    i.HAL_TIM_PWM_Init  stm32g4xx_hal_tim.o
    0x08001a28   0x08001a28   0x00000002   Code   RO         3421    i.HAL_TIM_PWM_MspInit  stm32g4xx_hal_tim.o
    0x08001a2a   0x08001a2a   0x00000002   Code   RO         3422    i.HAL_TIM_PWM_PulseFinishedCallback  stm32g4xx_hal_tim.o
    0x08001a2c   0x08001a2c   0x000000fc   Code   RO         3424    i.HAL_TIM_PWM_Start  stm32g4xx_hal_tim.o
    0x08001b28   0x08001b28   0x00000014   Code   RO          327    i.HAL_TIM_PeriodElapsedCallback  main.o
    0x08001b3c   0x08001b3c   0x00000002   Code   RO         3435    i.HAL_TIM_TriggerCallback  stm32g4xx_hal_tim.o
    0x08001b3e   0x08001b3e   0x00000002   Code   RO          832    i.HardFault_Handler  stm32g4xx_it.o
    0x08001b40   0x08001b40   0x00000022   Code   RO         2874    i.I2C_Flush_TXDR    stm32g4xx_hal_i2c.o
    0x08001b62   0x08001b62   0x00000002   PAD
    0x08001b64   0x08001b64   0x0000010c   Code   RO         2882    i.I2C_IsErrorOccurred  stm32g4xx_hal_i2c.o
    0x08001c70   0x08001c70   0x00000064   Code   RO         2888    i.I2C_RequestMemoryWrite  stm32g4xx_hal_i2c.o
    0x08001cd4   0x08001cd4   0x00000030   Code   RO         2891    i.I2C_TransferConfig  stm32g4xx_hal_i2c.o
    0x08001d04   0x08001d04   0x0000007a   Code   RO         2893    i.I2C_WaitOnFlagUntilTimeout  stm32g4xx_hal_i2c.o
    0x08001d7e   0x08001d7e   0x00000002   PAD
    0x08001d80   0x08001d80   0x000000a8   Code   RO         2894    i.I2C_WaitOnRXNEFlagUntilTimeout  stm32g4xx_hal_i2c.o
    0x08001e28   0x08001e28   0x00000056   Code   RO         2895    i.I2C_WaitOnSTOPFlagUntilTimeout  stm32g4xx_hal_i2c.o
    0x08001e7e   0x08001e7e   0x0000005a   Code   RO         2896    i.I2C_WaitOnTXISFlagUntilTimeout  stm32g4xx_hal_i2c.o
    0x08001ed8   0x08001ed8   0x00000050   Code   RO         1194    i.LL_ADC_CommonInit  stm32g4xx_ll_adc.o
    0x08001f28   0x08001f28   0x0000002a   Code   RO         1199    i.LL_ADC_Init       stm32g4xx_ll_adc.o
    0x08001f52   0x08001f52   0x00000002   PAD
    0x08001f54   0x08001f54   0x00000054   Code   RO         1200    i.LL_ADC_REG_Init   stm32g4xx_ll_adc.o
    0x08001fa8   0x08001fa8   0x00000022   Code   RO          433    i.LL_ADC_REG_SetSequencerRanks  adc.o
    0x08001fca   0x08001fca   0x0000001e   Code   RO          434    i.LL_ADC_SetChannelSamplingTime  adc.o
    0x08001fe8   0x08001fe8   0x00000020   Code   RO          435    i.LL_ADC_SetChannelSingleDiff  adc.o
    0x08002008   0x08002008   0x00000020   Code   RO          436    i.LL_ADC_SetGainCompensation  adc.o
    0x08002028   0x08002028   0x00000018   Code   RO          560    i.LL_AHB1_GRP1_EnableClock  dma.o
    0x08002040   0x08002040   0x00000018   Code   RO          396    i.LL_AHB2_GRP1_EnableClock  gpio.o
    0x08002058   0x08002058   0x00000018   Code   RO          437    i.LL_AHB2_GRP1_EnableClock  adc.o
    0x08002070   0x08002070   0x00000014   Code   RO          833    i.LL_DMA_DisableChannel  stm32g4xx_it.o
    0x08002084   0x08002084   0x00000014   Code   RO          438    i.LL_DMA_SetChannelPriorityLevel  adc.o
    0x08002098   0x08002098   0x00000014   Code   RO          734    i.LL_DMA_SetChannelPriorityLevel  usart.o
    0x080020ac   0x080020ac   0x00000018   Code   RO          439    i.LL_DMA_SetDataTransferDirection  adc.o
    0x080020c4   0x080020c4   0x00000018   Code   RO          735    i.LL_DMA_SetDataTransferDirection  usart.o
    0x080020dc   0x080020dc   0x00000014   Code   RO          440    i.LL_DMA_SetMemoryIncMode  adc.o
    0x080020f0   0x080020f0   0x00000014   Code   RO          736    i.LL_DMA_SetMemoryIncMode  usart.o
    0x08002104   0x08002104   0x00000014   Code   RO          441    i.LL_DMA_SetMemorySize  adc.o
    0x08002118   0x08002118   0x00000014   Code   RO          737    i.LL_DMA_SetMemorySize  usart.o
    0x0800212c   0x0800212c   0x00000014   Code   RO          442    i.LL_DMA_SetMode    adc.o
    0x08002140   0x08002140   0x00000014   Code   RO          738    i.LL_DMA_SetMode    usart.o
    0x08002154   0x08002154   0x00000014   Code   RO          443    i.LL_DMA_SetPeriphIncMode  adc.o
    0x08002168   0x08002168   0x00000014   Code   RO          739    i.LL_DMA_SetPeriphIncMode  usart.o
    0x0800217c   0x0800217c   0x00000024   Code   RO          444    i.LL_DMA_SetPeriphRequest  adc.o
    0x080021a0   0x080021a0   0x00000024   Code   RO          740    i.LL_DMA_SetPeriphRequest  usart.o
    0x080021c4   0x080021c4   0x00000014   Code   RO          445    i.LL_DMA_SetPeriphSize  adc.o
    0x080021d8   0x080021d8   0x00000014   Code   RO          741    i.LL_DMA_SetPeriphSize  usart.o
    0x080021ec   0x080021ec   0x00000136   Code   RO         1144    i.LL_GPIO_Init      stm32g4xx_ll_gpio.o
    0x08002322   0x08002322   0x00000002   PAD
    0x08002324   0x08002324   0x0000005c   Code   RO         4554    i.LL_RCC_GetUARTClockFreq  stm32g4xx_ll_rcc.o
    0x08002380   0x08002380   0x000000b4   Code   RO         4555    i.LL_RCC_GetUSARTClockFreq  stm32g4xx_ll_rcc.o
    0x08002434   0x08002434   0x00000010   Code   RO         4557    i.LL_RCC_HSI_IsReady  stm32g4xx_ll_rcc.o
    0x08002444   0x08002444   0x00000010   Code   RO         4558    i.LL_RCC_LSE_IsReady  stm32g4xx_ll_rcc.o
    0x08002454   0x08002454   0x00000020   Code   RO          446    i.LL_RCC_SetADCClockSource  adc.o
    0x08002474   0x08002474   0x00000014   Code   RO          328    i.LL_RCC_SetAHBPrescaler  main.o
    0x08002488   0x08002488   0x00000024   Code   RO          618    i.LL_RCC_SetI2CClockSource  i2c.o
    0x080024ac   0x080024ac   0x0000000c   Code   RO         1020    i.LL_SetSystemCoreClock  stm32g4xx_ll_utils.o
    0x080024b8   0x080024b8   0x000000e8   Code   RO         4490    i.LL_USART_Init     stm32g4xx_ll_usart.o
    0x080025a0   0x080025a0   0x00000044   Code   RO         4882    i.LPF_init          lowpass_filter.o
    0x080025e4   0x080025e4   0x00000080   Code   RO         4883    i.LPFoperator       lowpass_filter.o
    0x08002664   0x08002664   0x00000160   Code   RO          447    i.MX_ADC1_Init      adc.o
    0x080027c4   0x080027c4   0x00000148   Code   RO          448    i.MX_ADC2_Init      adc.o
    0x0800290c   0x0800290c   0x00000080   Code   RO          561    i.MX_DMA_Init       dma.o
    0x0800298c   0x0800298c   0x0000003e   Code   RO          397    i.MX_GPIO_Init      gpio.o
    0x080029ca   0x080029ca   0x00000002   PAD
    0x080029cc   0x080029cc   0x00000058   Code   RO          619    i.MX_I2C2_Init      i2c.o
    0x08002a24   0x08002a24   0x00000058   Code   RO          620    i.MX_I2C3_Init      i2c.o
    0x08002a7c   0x08002a7c   0x0000009c   Code   RO          675    i.MX_TIM2_Init      tim.o
    0x08002b18   0x08002b18   0x000000ac   Code   RO          676    i.MX_TIM3_Init      tim.o
    0x08002bc4   0x08002bc4   0x000001f0   Code   RO          742    i.MX_USART2_UART_Init  usart.o
    0x08002db4   0x08002db4   0x00000030   Code   RO         4954    i.MagneticSensor_Init  sensor.o
    0x08002de4   0x08002de4   0x00000002   Code   RO          834    i.MemManage_Handler  stm32g4xx_it.o
    0x08002de6   0x08002de6   0x00000002   PAD
    0x08002de8   0x08002de8   0x0000006c   Code   RO         4737    i.Motor_init        bldcmotor.o
    0x08002e54   0x08002e54   0x00000078   Code   RO         4738    i.Motor_initFOC     bldcmotor.o
    0x08002ecc   0x08002ecc   0x00000002   Code   RO          835    i.NMI_Handler       stm32g4xx_it.o
    0x08002ece   0x08002ece   0x00000032   Code   RO          562    i.NVIC_EncodePriority  dma.o
    0x08002f00   0x08002f00   0x000000b0   Code   RO         4918    i.PID_init          pid.o
    0x08002fb0   0x08002fb0   0x00000124   Code   RO         4919    i.PIDoperator       pid.o
    0x080030d4   0x080030d4   0x00000002   Code   RO          836    i.PendSV_Handler    stm32g4xx_it.o
    0x080030d6   0x080030d6   0x00000002   PAD
    0x080030d8   0x080030d8   0x00000020   Code   RO         4561    i.RCC_GetHCLKClockFreq  stm32g4xx_ll_rcc.o
    0x080030f8   0x080030f8   0x00000020   Code   RO         4562    i.RCC_GetPCLK1ClockFreq  stm32g4xx_ll_rcc.o
    0x08003118   0x08003118   0x00000020   Code   RO         4563    i.RCC_GetPCLK2ClockFreq  stm32g4xx_ll_rcc.o
    0x08003138   0x08003138   0x00000064   Code   RO         4564    i.RCC_GetSystemClockFreq  stm32g4xx_ll_rcc.o
    0x0800319c   0x0800319c   0x00000002   Code   RO          837    i.SVC_Handler       stm32g4xx_it.o
    0x0800319e   0x0800319e   0x00000002   Code   RO          838    i.SysTick_Handler   stm32g4xx_it.o
    0x080031a0   0x080031a0   0x000000d0   Code   RO          329    i.SystemClock_Config  main.o
    0x08003270   0x08003270   0x00000010   Code   RO         4700    i.SystemInit        system_stm32g4xx.o
    0x08003280   0x08003280   0x0000000c   Code   RO          839    i.TIM1_UP_TIM16_IRQHandler  stm32g4xx_it.o
    0x0800328c   0x0800328c   0x000000bc   Code   RO         3437    i.TIM_Base_SetConfig  stm32g4xx_hal_tim.o
    0x08003348   0x08003348   0x0000001a   Code   RO         3438    i.TIM_CCxChannelCmd  stm32g4xx_hal_tim.o
    0x08003362   0x08003362   0x00000014   Code   RO         3448    i.TIM_ETR_SetConfig  stm32g4xx_hal_tim.o
    0x08003376   0x08003376   0x00000002   PAD
    0x08003378   0x08003378   0x00000014   Code   RO         3449    i.TIM_ITRx_SetConfig  stm32g4xx_hal_tim.o
    0x0800338c   0x0800338c   0x0000009c   Code   RO         3450    i.TIM_OC1_SetConfig  stm32g4xx_hal_tim.o
    0x08003428   0x08003428   0x00000090   Code   RO         3451    i.TIM_OC2_SetConfig  stm32g4xx_hal_tim.o
    0x080034b8   0x080034b8   0x00000090   Code   RO         3452    i.TIM_OC3_SetConfig  stm32g4xx_hal_tim.o
    0x08003548   0x08003548   0x00000090   Code   RO         3453    i.TIM_OC4_SetConfig  stm32g4xx_hal_tim.o
    0x080035d8   0x080035d8   0x00000070   Code   RO         3454    i.TIM_OC5_SetConfig  stm32g4xx_hal_tim.o
    0x08003648   0x08003648   0x00000070   Code   RO         3455    i.TIM_OC6_SetConfig  stm32g4xx_hal_tim.o
    0x080036b8   0x080036b8   0x00000022   Code   RO         3457    i.TIM_TI1_ConfigInputStage  stm32g4xx_hal_tim.o
    0x080036da   0x080036da   0x00000024   Code   RO         3459    i.TIM_TI2_ConfigInputStage  stm32g4xx_hal_tim.o
    0x080036fe   0x080036fe   0x00000002   PAD
    0x08003700   0x08003700   0x00000070   Code   RO          840    i.USART2_IRQHandler  stm32g4xx_it.o
    0x08003770   0x08003770   0x00000002   Code   RO          841    i.UsageFault_Handler  stm32g4xx_it.o
    0x08003772   0x08003772   0x00000002   PAD
    0x08003774   0x08003774   0x00000020   Code   RO         5285    i.__0printf         mc_w.l(printfa.o)
    0x08003794   0x08003794   0x00000030   Code   RO         5420    i.__ARM_fpclassify  m_wm.l(fpclassify.o)
    0x080037c4   0x080037c4   0x00000026   Code   RO         5353    i.__ARM_fpclassifyf  m_wm.l(fpclassifyf.o)
    0x080037ea   0x080037ea   0x0000001a   Code   RO          563    i.__NVIC_EnableIRQ  dma.o
    0x08003804   0x08003804   0x00000010   Code   RO          564    i.__NVIC_GetPriorityGrouping  dma.o
    0x08003814   0x08003814   0x00000020   Code   RO          565    i.__NVIC_SetPriority  dma.o
    0x08003834   0x08003834   0x00000020   Code   RO         2699    i.__NVIC_SetPriority  stm32g4xx_hal_cortex.o
    0x08003854   0x08003854   0x00000004   PAD
    0x08003858   0x08003858   0x000002d8   Code   RO         5319    i.__hardfp_atan     m_wm.l(atan.o)
    0x08003b30   0x08003b30   0x000001f0   Code   RO         4999    i.__hardfp_atan2    m_wm.l(atan2.o)
    0x08003d20   0x08003d20   0x00000104   Code   RO         5011    i.__hardfp_fmod     m_wm.l(fmod.o)
    0x08003e24   0x08003e24   0x00000190   Code   RO         5023    i.__hardfp_sinf     m_wm.l(sinf.o)
    0x08003fb4   0x08003fb4   0x0000003a   Code   RO         5035    i.__hardfp_sqrtf    m_wm.l(sqrtf.o)
    0x08003fee   0x08003fee   0x000000f8   Code   RO         5422    i.__kernel_poly     m_wm.l(poly.o)
    0x080040e6   0x080040e6   0x00000014   Code   RO         5334    i.__mathlib_dbl_infnan  m_wm.l(dunder.o)
    0x080040fa   0x080040fa   0x00000014   Code   RO         5335    i.__mathlib_dbl_infnan2  m_wm.l(dunder.o)
    0x0800410e   0x0800410e   0x00000002   PAD
    0x08004110   0x08004110   0x00000020   Code   RO         5336    i.__mathlib_dbl_invalid  m_wm.l(dunder.o)
    0x08004130   0x08004130   0x00000020   Code   RO         5339    i.__mathlib_dbl_underflow  m_wm.l(dunder.o)
    0x08004150   0x08004150   0x00000006   Code   RO         5356    i.__mathlib_flt_infnan  m_wm.l(funder.o)
    0x08004156   0x08004156   0x00000002   PAD
    0x08004158   0x08004158   0x00000010   Code   RO         5358    i.__mathlib_flt_invalid  m_wm.l(funder.o)
    0x08004168   0x08004168   0x00000010   Code   RO         5361    i.__mathlib_flt_underflow  m_wm.l(funder.o)
    0x08004178   0x08004178   0x00000154   Code   RO         5370    i.__mathlib_rredf2  m_wm.l(rredf.o)
    0x080042cc   0x080042cc   0x0000000e   Code   RO         5430    i.__scatterload_copy  mc_w.l(handlers.o)
    0x080042da   0x080042da   0x00000002   Code   RO         5431    i.__scatterload_null  mc_w.l(handlers.o)
    0x080042dc   0x080042dc   0x0000000e   Code   RO         5432    i.__scatterload_zeroinit  mc_w.l(handlers.o)
    0x080042ea   0x080042ea   0x00000002   PAD
    0x080042ec   0x080042ec   0x0000000c   Code   RO         5398    i.__set_errno       mc_w.l(errno.o)
    0x080042f8   0x080042f8   0x0000000e   Code   RO         4807    i._electricalAngle  foc_utils.o
    0x08004306   0x08004306   0x00000002   PAD
    0x08004308   0x08004308   0x00000184   Code   RO         5292    i._fp_digits        mc_w.l(printfa.o)
    0x0800448c   0x0800448c   0x0000002c   Code   RO          677    i._micros           tim.o
    0x080044b8   0x080044b8   0x00000044   Code   RO         4808    i._normalizeAngle   foc_utils.o
    0x080044fc   0x080044fc   0x000006dc   Code   RO         5293    i._printf_core      mc_w.l(printfa.o)
    0x08004bd8   0x08004bd8   0x00000024   Code   RO         5294    i._printf_post_padding  mc_w.l(printfa.o)
    0x08004bfc   0x08004bfc   0x0000002e   Code   RO         5295    i._printf_pre_padding  mc_w.l(printfa.o)
    0x08004c2a   0x08004c2a   0x00000002   PAD
    0x08004c2c   0x08004c2c   0x0000035c   Code   RO         4739    i.alignSensor       bldcmotor.o
    0x08004f88   0x08004f88   0x000000e8   Code   RO         4740    i.angleOpenloop     bldcmotor.o
    0x08005070   0x08005070   0x00000010   Code   RO         5321    i.atan              m_wm.l(atan.o)
    0x08005080   0x08005080   0x0000003c   Code   RO          297    i.bsp_as5600GetRawAngle  as5600.o
    0x080050bc   0x080050bc   0x0000002c   Code   RO         4831    i.electricalAngle   focmotor.o
    0x080050e8   0x080050e8   0x00000018   Code   RO         5349    i.fabs              m_wm.l(fabs.o)
    0x08005100   0x08005100   0x00000018   Code   RO          330    i.fputc             main.o
    0x08005118   0x08005118   0x000000c8   Code   RO         4955    i.getAngle          sensor.o
    0x080051e0   0x080051e0   0x0000000c   Code   RO         4956    i.getRawCount       sensor.o
    0x080051ec   0x080051ec   0x00000068   Code   RO         4957    i.getVelocity       sensor.o
    0x08005254   0x08005254   0x00000088   Code   RO         4741    i.loopFOC           bldcmotor.o
    0x080052dc   0x080052dc   0x00000144   Code   RO          331    i.main              main.o
    0x08005420   0x08005420   0x000000d8   Code   RO         4742    i.move              bldcmotor.o
    0x080054f8   0x080054f8   0x00000034   Code   RO            4    i.oled_clear        oled.o
    0x0800552c   0x0800552c   0x00000094   Code   RO            7    i.oled_init         oled.o
    0x080055c0   0x080055c0   0x00000024   Code   RO           12    i.oled_write_command  oled.o
    0x080055e4   0x080055e4   0x00000024   Code   RO           13    i.oled_write_data   oled.o
    0x08005608   0x08005608   0x000001dc   Code   RO         4743    i.setPhaseVoltage   bldcmotor.o
    0x080057e4   0x080057e4   0x00000028   Code   RO         4832    i.shaftAngle        focmotor.o
    0x0800580c   0x0800580c   0x00000024   Code   RO         4833    i.shaftVelocity     focmotor.o
    0x08005830   0x08005830   0x00000098   Code   RO         4744    i.velocityOpenloop  bldcmotor.o
    0x080058c8   0x080058c8   0x00000006   Data   RO          449    .constdata          adc.o
    0x080058ce   0x080058ce   0x00000006   Data   RO          744    .constdata          usart.o
    0x080058d4   0x080058d4   0x00000006   Data   RO          842    .constdata          stm32g4xx_it.o
    0x080058da   0x080058da   0x00000002   PAD
    0x080058dc   0x080058dc   0x00000030   Data   RO         4492    .constdata          stm32g4xx_ll_usart.o
    0x0800590c   0x0800590c   0x00000010   Data   RO         4701    .constdata          system_stm32g4xx.o
    0x0800591c   0x0800591c   0x00000008   Data   RO         4702    .constdata          system_stm32g4xx.o
    0x08005924   0x08005924   0x00000004   PAD
    0x08005928   0x08005928   0x00000098   Data   RO         5322    .constdata          m_wm.l(atan.o)
    0x080059c0   0x080059c0   0x00000008   Data   RO         5369    .constdata          m_wm.l(qnan.o)
    0x080059c8   0x080059c8   0x00000020   Data   RO         5371    .constdata          m_wm.l(rredf.o)
    0x080059e8   0x080059e8   0x00000020   Data   RO         5428    Region$$Table       anon$$obj.o


    Execution Region RW_IRAM1 (Exec base: 0x20000000, Load base: 0x08005a08, Size: 0x000013c8, Max: 0x00008000, ABSOLUTE)

    Exec Addr    Load Addr    Size         Type   Attr      Idx    E Section Name        Object

    0x20000000   0x08005a08   0x00000004   Data   RW          332    .data               main.o
    0x20000004   0x08005a0c   0x00000004   Data   RW          679    .data               tim.o
    0x20000008   0x08005a10   0x0000000c   Data   RW         1361    .data               stm32g4xx_hal.o
    0x20000014   0x08005a1c   0x00000004   Data   RW         4703    .data               system_stm32g4xx.o
    0x20000018   0x08005a20   0x00000020   Data   RW         4745    .data               bldcmotor.o
    0x20000038   0x08005a40   0x0000000c   Data   RW         4834    .data               focmotor.o
    0x20000044   0x08005a4c   0x00000004   Data   RW         4835    .data               focmotor.o
    0x20000048   0x08005a50   0x00000004   Data   RW         4836    .data               focmotor.o
    0x2000004c   0x08005a54   0x00000004   Data   RW         4837    .data               focmotor.o
    0x20000050   0x08005a58   0x00000004   Data   RW         4838    .data               focmotor.o
    0x20000054   0x08005a5c   0x00000004   Data   RW         4839    .data               focmotor.o
    0x20000058   0x08005a60   0x00000008   Data   RW         4840    .data               focmotor.o
    0x20000060   0x08005a68   0x00000001   Data   RW         4842    .data               focmotor.o
    0x20000061   0x08005a69   0x00000001   Data   RW         4843    .data               focmotor.o
    0x20000062   0x08005a6a   0x00000002   PAD
    0x20000064   0x08005a6c   0x00000014   Data   RW         4958    .data               sensor.o
    0x20000078   0x08005a80   0x00000004   Data   RW         5387    .data               mc_w.l(stdout.o)
    0x2000007c   0x08005a84   0x00000004   Data   RW         5399    .data               mc_w.l(errno.o)
    0x20000080        -       0x000000a8   Zero   RW          621    .bss                i2c.o
    0x20000128        -       0x00000098   Zero   RW          678    .bss                tim.o
    0x200001c0        -       0x00000104   Zero   RW          743    .bss                usart.o
    0x200002c4        -       0x0000004c   Zero   RW          978    .bss                stm32g4xx_hal_timebase_tim.o
    0x20000310        -       0x00000024   Zero   RW         4884    .bss                lowpass_filter.o
    0x20000334        -       0x00000090   Zero   RW         4920    .bss                pid.o
    0x200003c4   0x08005a88   0x00000004   PAD
    0x200003c8        -       0x00001000   Zero   RW         4689    STACK               startup_stm32g431xx.o


==============================================================================

Image component sizes


      Code (inc. data)   RO Data    RW Data    ZI Data      Debug   Object Name

      1044        114          6          0          0     110048   adc.o
        60          6          0          0          0       1476   as5600.o
      2300        600          0         32          0       7432   bldcmotor.o
       276         12          0          0          0      38573   dma.o
        82         14          0          0          0       1177   foc_utils.o
       120         24          0         42          0       2672   focmotor.o
        86          6          0          0          0      10951   gpio.o
       392         48          0          0        168      24198   i2c.o
       196         24          0          0         36       2408   lowpass_filter.o
       600        122          0          4          0      65677   main.o
       272          8          0          0          0     617845   oled.o
       468         16          0          0        144       2748   pid.o
       364         54          0         20          0       3047   sensor.o
        36          8        472          0       4096        828   startup_stm32g431xx.o
        94         14          0         12          0       3662   stm32g4xx_hal.o
       158         14          0          0          0      33070   stm32g4xx_hal_cortex.o
       594         34          0          0          0       2356   stm32g4xx_hal_gpio.o
      2072         46          0          0          0      13766   stm32g4xx_hal_i2c.o
       168          0          0          0          0       1923   stm32g4xx_hal_i2c_ex.o
        48          6          0          0          0        870   stm32g4xx_hal_msp.o
        16          4          0          0          0        571   stm32g4xx_hal_pwr_ex.o
       100         22          0          0          0       2554   stm32g4xx_hal_rcc.o
      2680        258          0          0          0      19002   stm32g4xx_hal_tim.o
       170         24          0          0          0       5464   stm32g4xx_hal_tim_ex.o
       136         20          0          0         76       1435   stm32g4xx_hal_timebase_tim.o
       196         34          6          0          0      43889   stm32g4xx_it.o
       206         14          0          0          0      78456   stm32g4xx_ll_adc.o
       310          0          0          0          0       7339   stm32g4xx_ll_gpio.o
       500         64          0          0          0      28585   stm32g4xx_ll_rcc.o
       232         26         48          0          0      27336   stm32g4xx_ll_usart.o
        12          6          0          0          0       6468   stm32g4xx_ll_utils.o
        16          4         24          4          0       1139   system_stm32g4xx.o
       548         40          0          4        152       3837   tim.o
       828         74          6          0        260      99974   usart.o

    ----------------------------------------------------------------------
     15414       1760        600        120       4936    1270776   Object Totals
         0          0         32          0          0          0   (incl. Generated)
        34          0          6          2          4          0   (incl. Padding)

    ----------------------------------------------------------------------

      Code (inc. data)   RO Data    RW Data    ZI Data      Debug   Library Member Name

       744        106        152          0          0        352   atan.o
       496         64          0          0          0        192   atan2.o
       104         16          0          0          0        496   dunder.o
        24          0          0          0          0        124   fabs.o
       260          6          0          0          0        144   fmod.o
        48          0          0          0          0        124   fpclassify.o
        38          0          0          0          0        116   fpclassifyf.o
        38         12          0          0          0        348   funder.o
       248          0          0          0          0        152   poly.o
         0          0          8          0          0          0   qnan.o
       340         24         32          0          0        160   rredf.o
       400         56          0          0          0        212   sinf.o
        58          0          0          0          0        136   sqrtf.o
         0          0          0          0          0          0   entry.o
         0          0          0          0          0          0   entry10a.o
         0          0          0          0          0          0   entry11a.o
         8          4          0          0          0          0   entry2.o
         4          0          0          0          0          0   entry5.o
         0          0          0          0          0          0   entry7b.o
         0          0          0          0          0          0   entry8b.o
         8          4          0          0          0          0   entry9a.o
        12          6          0          4          0         68   errno.o
        30          0          0          0          0          0   handlers.o
        36          8          0          0          0         68   init.o
         0          0          0          0          0          0   iusefp.o
        30          0          0          0          0         68   llshl.o
        36          0          0          0          0         68   llsshr.o
        32          0          0          0          0         68   llushr.o
        36          0          0          0          0        108   memseta.o
      2258         90          0          0          0        452   printfa.o
         0          0          0          4          0          0   stdout.o
        44          0          0          0          0         80   uidiv.o
        98          0          0          0          0         92   uldiv.o
        48          0          0          0          0         68   cdrcmple.o
        56          0          0          0          0         88   d2f.o
       334          0          0          0          0        148   dadd.o
       222          0          0          0          0        100   ddiv.o
       186          0          0          0          0        176   depilogue.o
        48          0          0          0          0         68   dfixul.o
       228          0          0          0          0         96   dmul.o
       134          0          0          0          0         96   drem.o
        38          0          0          0          0         68   f2d.o
       110          0          0          0          0        168   fepilogue.o

    ----------------------------------------------------------------------
      6842        396        192          8          0       4704   Library Totals
         8          0          0          0          0          0   (incl. Padding)

    ----------------------------------------------------------------------

      Code (inc. data)   RO Data    RW Data    ZI Data      Debug   Library Name

      2798        284        192          0          0       2556   m_wm.l
      2632        112          0          8          0       1072   mc_w.l
      1404          0          0          0          0       1076   mf_w.l

    ----------------------------------------------------------------------
      6842        396        192          8          0       4704   Library Totals

    ----------------------------------------------------------------------

==============================================================================


      Code (inc. data)   RO Data    RW Data    ZI Data      Debug   

     22256       2156        792        128       4936    1256844   Grand Totals
     22256       2156        792        128       4936    1256844   ELF Image Totals
     22256       2156        792        128          0          0   ROM Totals

==============================================================================

    Total RO  Size (Code + RO Data)                23048 (  22.51kB)
    Total RW  Size (RW Data + ZI Data)              5064 (   4.95kB)
    Total ROM Size (Code + RO Data + RW Data)      23176 (  22.63kB)

==============================================================================

