<html>
<body>
<pre>
<h1>µVision Build Log</h1>
<h2>Tool Versions:</h2>
IDE-Version: ¶ÃVision V5.39.0.0
Copyright (C) 2023 ARM Ltd and ARM Germany GmbH. All rights reserved.
License Information: asd sd, asd, LIC=IK1BF-6ADB3-FWV2N-YCSCX-XWRZ0-RJ2NH
 
Tool Versions:
Toolchain:       MDK-ARM Plus  Version: 5.39.0.0
Toolchain Path:  C:\Keil_v5\ARM\ARMCC\Bin
C Compiler:      Armcc.exe V5.06 update 6 (build 750)
Assembler:       Armasm.exe V5.06 update 6 (build 750)
Linker/Locator:  ArmLink.exe V5.06 update 6 (build 750)
Library Manager: ArmAr.exe V5.06 update 6 (build 750)
Hex Converter:   FromElf.exe V5.06 update 6 (build 750)
CPU DLL:         SARMCM3.DLL V5.39.0.0
Dialog DLL:      DCM.DLL V1.17.5.0
Target DLL:      CMSIS_AGDI.dll V1.33.16.0
Dialog DLL:      TCM.DLL V1.56.4.0
 
<h2>Project:</h2>
D:\¿ÓÃÏ—Ù\4T_BLDC\[2]≤‚ ‘≥Ã–Ú\MDK\MDK-ARM\ll_4tfoc.uvprojx
Project File Date:  10/09/2025

<h2>Output:</h2>
*** Using Compiler 'V5.06 update 6 (build 750)', folder: 'C:\Keil_v5\ARM\ARMCC\Bin'
Rebuild target 'll_4tfoc'
compiling stm32g4xx_hal_timebase_tim.c...
compiling stm32g4xx_ll_utils.c...
compiling tim.c...
compiling main.c...
compiling usart.c...
compiling stm32g4xx_it.c...
compiling i2c.c...
compiling stm32g4xx_hal_msp.c...
compiling gpio.c...
compiling as5600.c...
compiling oled.c...
compiling dma.c...
compiling adc.c...
compiling stm32g4xx_ll_exti.c...
compiling stm32g4xx_hal.c...
compiling stm32g4xx_ll_gpio.c...
compiling stm32g4xx_hal_flash_ramfunc.c...
compiling stm32g4xx_hal_flash.c...
compiling stm32g4xx_hal_flash_ex.c...
compiling stm32g4xx_hal_exti.c...
compiling stm32g4xx_hal_gpio.c...
compiling stm32g4xx_ll_dma.c...
compiling stm32g4xx_ll_adc.c...
compiling stm32g4xx_hal_rcc_ex.c...
compiling stm32g4xx_hal_rcc.c...
compiling stm32g4xx_hal_dma.c...
assembling startup_stm32g431xx.s...
compiling stm32g4xx_hal_dma_ex.c...
compiling stm32g4xx_hal_cortex.c...
compiling foc_utils.c...
compiling stm32g4xx_hal_i2c_ex.c...
compiling stm32g4xx_hal_pwr_ex.c...
compiling system_stm32g4xx.c...
compiling stm32g4xx_hal_pwr.c...
compiling stm32g4xx_ll_rcc.c...
compiling stm32g4xx_ll_usart.c...
compiling stm32g4xx_hal_tim_ex.c...
compiling stm32g4xx_hal_i2c.c...
compiling stm32g4xx_hal_tim.c...
compiling BLDCMotor.c...
compiling lowpass_filter.c...
compiling FOCMotor.c...
compiling Sensor.c...
compiling pid.c...
linking...
Program Size: Code=22256 RO-data=792 RW-data=128 ZI-data=4936  
FromELF: creating hex file...
"ll_4tfoc\ll_4tfoc.axf" - 0 Error(s), 0 Warning(s).

<h2>Software Packages used:</h2>

Package Vendor: Keil
                http://www.keil.com/pack/Keil.STM32G4xx_DFP.1.4.0.pack
                Keil::STM32G4xx_DFP@1.4.0
                STMicroelectronics STM32G4 Series Device Support, Drivers and Examples

<h2>Collection of Component include folders:</h2>
  C:/Users/niubi/AppData/Local/Arm/Packs/Keil/STM32G4xx_DFP/1.4.0/Drivers/CMSIS/Device/ST/STM32G4xx/Include

<h2>Collection of Component Files used:</h2>
Build Time Elapsed:  00:00:17
</pre>
</body>
</html>
